#
# There is insufficient memory for the Java Runtime Environment to continue.
# Native memory allocation (malloc) failed to allocate 591216 bytes. Error detail: Chunk::new
# Possible reasons:
#   The system is out of physical RAM or swap space
#   This process is running with CompressedOops enabled, and the Java Heap may be blocking the growth of the native heap
# Possible solutions:
#   Reduce memory load on the system
#   Increase physical memory or swap space
#   Check if swap backing store is full
#   Decrease Java heap size (-Xmx/-Xms)
#   Decrease number of Java threads
#   Decrease Java thread stack sizes (-Xss)
#   Set larger code cache with -XX:ReservedCodeCacheSize=
#   JVM is running with Zero Based Compressed Oops mode in which the Java heap is
#     placed in the first 32GB address space. The Java Heap base address is the
#     maximum limit for the native heap growth. Please use -XX:HeapBaseMinAddress
#     to set the Java Heap base and to place the Java Heap above 32GB virtual address.
# This output file may be truncated or incomplete.
#
#  Out of Memory Error (arena.cpp:186), pid=17908, tid=20868
#
# JRE version: Java(TM) SE Runtime Environment (25.0.4+7) (build 25.0.4+7-LTS-189)
# Java VM: Java HotSpot(TM) 64-Bit Server VM (25.0.4+7-LTS-189, mixed mode, sharing, tiered, compressed oops, compressed class ptrs, g1 gc, windows-amd64)
# No core dump will be written. Minidumps are not enabled by default on client versions of Windows
#

---------------  S U M M A R Y ------------

Command Line: -javaagent:C:\Users\Israel\AppData\Local\JetBrains\IntelliJIdea2026.2\captureAgent\debugger-agent.jar=file:///C:/Users/Israel/AppData/Local/Temp/capture5697464987506900753.props -ea -Didea.test.cyclic.buffer.size=1048576 -javaagent:C:\Program Files\JetBrains\IntelliJ IDEA 2026.2.0.1\lib\idea_rt.jar=65195 -Dkotlinx.coroutines.debug.enable.creation.stack.trace=false -Ddebugger.agent.enable.coroutines=true -Dkotlinx.coroutines.debug.enable.flows.stack.trace=true -Dkotlinx.coroutines.debug.enable.mutable.state.flows.stack.trace=true -Ddebugger.async.stack.trace.for.all.threads=true -Ddebugger.agent.enable.log.capture=true -Dfile.encoding=UTF-8 -Dsun.stdout.encoding=UTF-8 -Dsun.stderr.encoding=UTF-8 com.intellij.rt.junit.JUnitStarter -ideVersion5 -junit5 app.vercel.northwind.category.CategoryTest,testCT001_TentarSalvarSemNome

Host: Intel(R) Core(TM) i7-7500U CPU @ 2.70GHz, 4 cores, 10G,  Windows 10 , 64 bit Build 19041 (10.0.19041.7663)
Time: Wed Aug 26 14:28:58 2026 Hora oficial do Brasil elapsed time: 1.476986 seconds (0d 0h 0m 1s)

---------------  T H R E A D  ---------------

Current thread (0x00000270b537d9c0):  JavaThread "C2 CompilerThread0" daemon [_thread_in_native, id=20868, stack(0x000000c490e00000,0x000000c490f00000) (1024K)]


Current CompileTask:
C2:1477 1620       4       jdk.internal.classfile.impl.StackMapGenerator::processBlock (2767 bytes)

Stack: [0x000000c490e00000,0x000000c490f00000]
Native frames: (J=compiled Java code, j=interpreted, Vv=VM code, C=native code)
V  [jvm.dll+0x7a8819]  (no source info available)
V  [jvm.dll+0x7743dd]  (no source info available)
V  [jvm.dll+0x967693]  (no source info available)
V  [jvm.dll+0x969c91]  (no source info available)
V  [jvm.dll+0x96a3a3]  (no source info available)
V  [jvm.dll+0x2fd0b6]  (no source info available)
V  [jvm.dll+0x1121e6]  (no source info available)
V  [jvm.dll+0x11250e]  (no source info available)
V  [jvm.dll+0x4534a7]  (no source info available)
V  [jvm.dll+0x422752]  (no source info available)
V  [jvm.dll+0x421b6a]  (no source info available)
V  [jvm.dll+0x2c1069]  (no source info available)
V  [jvm.dll+0x2c024f]  (no source info available)
V  [jvm.dll+0x238070]  (no source info available)
V  [jvm.dll+0x2d0376]  (no source info available)
V  [jvm.dll+0x2ce5f5]  (no source info available)
V  [jvm.dll+0x48f6b1]  (no source info available)
V  [jvm.dll+0x90877d]  (no source info available)
V  [jvm.dll+0x7a6dc5]  (no source info available)
C  [ucrtbase.dll+0x21bb2]  (no source info available)
C  [KERNEL32.DLL+0x17374]  (no source info available)
C  [ntdll.dll+0x4cc91]  (no source info available)

Lock stack of current Java thread (top to bottom):


---------------  P R O C E S S  ---------------

Threads class SMR info:
_java_thread_list=0x00000270bac95ad0, length=15, elements={
0x000002709801cfb0, 0x00000270b536f1b0, 0x00000270b536fef0, 0x00000270b53783c0,
0x00000270b53792d0, 0x00000270b5379e90, 0x00000270b537aa50, 0x00000270b537d9c0,
0x00000270b5398250, 0x00000270b55ab9e0, 0x00000270b56300a0, 0x00000270b5646940,
0x00000270b5799a70, 0x00000270b579e6d0, 0x00000270bafcddd0
}

Java Threads: ( => current thread )
  0x000002709801cfb0 JavaThread "main"                              [_thread_in_Java, id=7852, stack(0x000000c490000000,0x000000c490100000) (1024K)]
  0x00000270b536f1b0 JavaThread "Reference Handler"          daemon [_thread_blocked, id=2712, stack(0x000000c490800000,0x000000c490900000) (1024K)]
  0x00000270b536fef0 JavaThread "Finalizer"                  daemon [_thread_blocked, id=20436, stack(0x000000c490900000,0x000000c490a00000) (1024K)]
  0x00000270b53783c0 JavaThread "Signal Dispatcher"          daemon [_thread_blocked, id=8580, stack(0x000000c490a00000,0x000000c490b00000) (1024K)]
  0x00000270b53792d0 JavaThread "Attach Listener"            daemon [_thread_blocked, id=14860, stack(0x000000c490b00000,0x000000c490c00000) (1024K)]
  0x00000270b5379e90 JavaThread "Service Thread"             daemon [_thread_blocked, id=20788, stack(0x000000c490c00000,0x000000c490d00000) (1024K)]
  0x00000270b537aa50 JavaThread "Monitor Deflation Thread"   daemon [_thread_blocked, id=3044, stack(0x000000c490d00000,0x000000c490e00000) (1024K)]
=>0x00000270b537d9c0 JavaThread "C2 CompilerThread0"         daemon [_thread_in_native, id=20868, stack(0x000000c490e00000,0x000000c490f00000) (1024K)]
  0x00000270b5398250 JavaThread "C1 CompilerThread0"         daemon [_thread_in_vm, id=19876, stack(0x000000c490f00000,0x000000c491000000) (1024K)]
  0x00000270b55ab9e0 JavaThread "Common-Cleaner"             daemon [_thread_blocked, id=18716, stack(0x000000c491000000,0x000000c491100000) (1024K)]
  0x00000270b56300a0 JavaThread "IntelliJ Debugger Overhead Detector Coarse Timer" daemon [_thread_blocked, id=20320, stack(0x000000c491100000,0x000000c491200000) (1024K)]
  0x00000270b5646940 JavaThread "IntelliJ Debugger Helper Thread" daemon [_thread_blocked, id=8672, stack(0x000000c491200000,0x000000c491300000) (1024K)]
  0x00000270b5799a70 JavaThread "Monitor Ctrl-Break"         daemon [_thread_in_native, id=1536, stack(0x000000c491300000,0x000000c491400000) (1024K)]
  0x00000270b579e6d0 JavaThread "Notification Thread"        daemon [_thread_blocked, id=13988, stack(0x000000c491400000,0x000000c491500000) (1024K)]
  0x00000270bafcddd0 JavaThread "C2 CompilerThread1"         daemon [_thread_in_native, id=13844, stack(0x000000c491800000,0x000000c491900000) (1024K)]
Total: 15

Other Threads:
  0x00000270980d0ec0 VMThread "VM Thread"                           [id=8356, stack(0x000000c490700000,0x000000c490800000) (1024K)]
  0x00000270b536aa00 WatcherThread "VM Periodic Task Thread"        [id=9812, stack(0x000000c490600000,0x000000c490700000) (1024K)]
  0x00000270980721e0 WorkerThread "GC Thread#0"                     [id=9132, stack(0x000000c490100000,0x000000c490200000) (1024K)]
  0x00000270baad3c20 WorkerThread "GC Thread#1"                     [id=17776, stack(0x000000c491500000,0x000000c491600000) (1024K)]
  0x00000270baad37d0 WorkerThread "GC Thread#2"                     [id=18516, stack(0x000000c491600000,0x000000c491700000) (1024K)]
  0x00000270baad2f30 WorkerThread "GC Thread#3"                     [id=14096, stack(0x000000c491700000,0x000000c491800000) (1024K)]
  0x0000027098083080 ConcurrentGCThread "G1 Main Marker"            [id=13944, stack(0x000000c490200000,0x000000c490300000) (1024K)]
  0x0000027098086c70 WorkerThread "G1 Conc#0"                       [id=5972, stack(0x000000c490300000,0x000000c490400000) (1024K)]
  0x00000270980b1fc0 ConcurrentGCThread "G1 Refine#0"               [id=15284, stack(0x000000c490400000,0x000000c490500000) (1024K)]
  0x00000270980b2c00 ConcurrentGCThread "G1 Service"                [id=19160, stack(0x000000c490500000,0x000000c490600000) (1024K)]
Total: 10

Threads with active compile tasks:
C2 CompilerThread0  1570 1620       4       jdk.internal.classfile.impl.StackMapGenerator::processBlock (2767 bytes)
C2 CompilerThread1  1570 1722       4       org.jetbrains.capture.org.objectweb.asm.ClassReader::readUtf (44 bytes)
Total: 2

VM state: not at safepoint (normal execution)

VM Mutex/Monitor currently owned by a thread: None

Heap address: 0x0000000755e00000, size: 2722 MB, Compressed Oops mode: Zero based, Oop shift amount: 3

CDS archive(s) mapped at: [0x0000000014000000-0x0000000014dd0000-0x0000000014dd0000), size 14483456, SharedBaseAddress: 0x0000000014000000, ArchiveRelocationMode: 1.
Compressed class space mapped at: 0x0000000015000000-0x0000000055000000, reserved size: 1073741824
UseCompressedClassPointers 1, UseCompactObjectHeaders 0
Narrow klass pointer bits 32, Max shift 3
Narrow klass base: 0x0000000014000000, Narrow klass shift: 0
Encoding Range: [0x0000000014000000 - 0x0000000114000000), (4294967296 bytes)
Klass Range:    [0x0000000014010000 - 0x0000000055000000), (1090453504 bytes)
Klass ID Range:  [65536 - 1090519033) (1090453497)
Protection zone: [0x0000000014000000 - 0x0000000014010000), (65536 bytes)

GC Precious Log:
 CardTable entry size: 512
 Card Set container configuration: InlinePtr #cards 4 size 8 Array Of Cards #cards 16 size 48 Howl #buckets 8 coarsen threshold 3686 Howl Bitmap #cards 512 size 80 coarsen threshold 460 Card regions per heap region 1 cards per card region 4096
 CPUs: 4 total, 4 available
 Memory: 10882M
 Large Page Support: Disabled
 NUMA Support: Disabled
 Compressed Oops: Enabled (Zero based)
 Heap Region Size: 2M
 Heap Min Capacity: 8M
 Heap Initial Capacity: 172M
 Heap Max Capacity: 2722M
 Pre-touch: Disabled
 Parallel Workers: 4
 Concurrent Workers: 1
 Concurrent Refinement Workers: 4
 Periodic GC: Disabled

Heap:
 garbage-first heap   total reserved 2787328K, committed 178176K, used 15591K [0x0000000755e00000, 0x0000000800000000)
  region size 2048K, 8 young (16384K), 2 survivors (4096K)

Heap Regions: E=young(eden), S=young(survivor), O=old, HS=humongous(starts), HC=humongous(continues), CS=collection set, F=free, TAMS=top-at-mark-start, PB=parsable bottom
|   0|0x0000000755e00000, 0x0000000755e143a0, 0x0000000756000000|  3%| O|  |TAMS 0x0000000755e00000| PB 0x0000000755e00000| Untracked |  0
|   1|0x0000000756000000, 0x0000000756000000, 0x0000000756200000|  0%| F|  |TAMS 0x0000000756000000| PB 0x0000000756000000| Untracked |  0
|   2|0x0000000756200000, 0x0000000756200000, 0x0000000756400000|  0%| F|  |TAMS 0x0000000756200000| PB 0x0000000756200000| Untracked |  0
|   3|0x0000000756400000, 0x0000000756400000, 0x0000000756600000|  0%| F|  |TAMS 0x0000000756400000| PB 0x0000000756400000| Untracked |  0
|   4|0x0000000756600000, 0x0000000756600000, 0x0000000756800000|  0%| F|  |TAMS 0x0000000756600000| PB 0x0000000756600000| Untracked |  0
|   5|0x0000000756800000, 0x0000000756800000, 0x0000000756a00000|  0%| F|  |TAMS 0x0000000756800000| PB 0x0000000756800000| Untracked |  0
|   6|0x0000000756a00000, 0x0000000756a00000, 0x0000000756c00000|  0%| F|  |TAMS 0x0000000756a00000| PB 0x0000000756a00000| Untracked |  0
|   7|0x0000000756c00000, 0x0000000756c00000, 0x0000000756e00000|  0%| F|  |TAMS 0x0000000756c00000| PB 0x0000000756c00000| Untracked |  0
|   8|0x0000000756e00000, 0x0000000756e00000, 0x0000000757000000|  0%| F|  |TAMS 0x0000000756e00000| PB 0x0000000756e00000| Untracked |  0
|   9|0x0000000757000000, 0x0000000757000000, 0x0000000757200000|  0%| F|  |TAMS 0x0000000757000000| PB 0x0000000757000000| Untracked |  0
|  10|0x0000000757200000, 0x0000000757200000, 0x0000000757400000|  0%| F|  |TAMS 0x0000000757200000| PB 0x0000000757200000| Untracked |  0
|  11|0x0000000757400000, 0x0000000757400000, 0x0000000757600000|  0%| F|  |TAMS 0x0000000757400000| PB 0x0000000757400000| Untracked |  0
|  12|0x0000000757600000, 0x0000000757600000, 0x0000000757800000|  0%| F|  |TAMS 0x0000000757600000| PB 0x0000000757600000| Untracked |  0
|  13|0x0000000757800000, 0x0000000757800000, 0x0000000757a00000|  0%| F|  |TAMS 0x0000000757800000| PB 0x0000000757800000| Untracked |  0
|  14|0x0000000757a00000, 0x0000000757a00000, 0x0000000757c00000|  0%| F|  |TAMS 0x0000000757a00000| PB 0x0000000757a00000| Untracked |  0
|  15|0x0000000757c00000, 0x0000000757c00000, 0x0000000757e00000|  0%| F|  |TAMS 0x0000000757c00000| PB 0x0000000757c00000| Untracked |  0
|  16|0x0000000757e00000, 0x0000000757e00000, 0x0000000758000000|  0%| F|  |TAMS 0x0000000757e00000| PB 0x0000000757e00000| Untracked |  0
|  17|0x0000000758000000, 0x0000000758000000, 0x0000000758200000|  0%| F|  |TAMS 0x0000000758000000| PB 0x0000000758000000| Untracked |  0
|  18|0x0000000758200000, 0x0000000758200000, 0x0000000758400000|  0%| F|  |TAMS 0x0000000758200000| PB 0x0000000758200000| Untracked |  0
|  19|0x0000000758400000, 0x0000000758400000, 0x0000000758600000|  0%| F|  |TAMS 0x0000000758400000| PB 0x0000000758400000| Untracked |  0
|  20|0x0000000758600000, 0x0000000758600000, 0x0000000758800000|  0%| F|  |TAMS 0x0000000758600000| PB 0x0000000758600000| Untracked |  0
|  21|0x0000000758800000, 0x0000000758800000, 0x0000000758a00000|  0%| F|  |TAMS 0x0000000758800000| PB 0x0000000758800000| Untracked |  0
|  22|0x0000000758a00000, 0x0000000758a00000, 0x0000000758c00000|  0%| F|  |TAMS 0x0000000758a00000| PB 0x0000000758a00000| Untracked |  0
|  23|0x0000000758c00000, 0x0000000758c00000, 0x0000000758e00000|  0%| F|  |TAMS 0x0000000758c00000| PB 0x0000000758c00000| Untracked |  0
|  24|0x0000000758e00000, 0x0000000758e00000, 0x0000000759000000|  0%| F|  |TAMS 0x0000000758e00000| PB 0x0000000758e00000| Untracked |  0
|  25|0x0000000759000000, 0x0000000759000000, 0x0000000759200000|  0%| F|  |TAMS 0x0000000759000000| PB 0x0000000759000000| Untracked |  0
|  26|0x0000000759200000, 0x0000000759200000, 0x0000000759400000|  0%| F|  |TAMS 0x0000000759200000| PB 0x0000000759200000| Untracked |  0
|  27|0x0000000759400000, 0x0000000759400000, 0x0000000759600000|  0%| F|  |TAMS 0x0000000759400000| PB 0x0000000759400000| Untracked |  0
|  28|0x0000000759600000, 0x0000000759600000, 0x0000000759800000|  0%| F|  |TAMS 0x0000000759600000| PB 0x0000000759600000| Untracked |  0
|  29|0x0000000759800000, 0x0000000759800000, 0x0000000759a00000|  0%| F|  |TAMS 0x0000000759800000| PB 0x0000000759800000| Untracked |  0
|  30|0x0000000759a00000, 0x0000000759a00000, 0x0000000759c00000|  0%| F|  |TAMS 0x0000000759a00000| PB 0x0000000759a00000| Untracked |  0
|  31|0x0000000759c00000, 0x0000000759c00000, 0x0000000759e00000|  0%| F|  |TAMS 0x0000000759c00000| PB 0x0000000759c00000| Untracked |  0
|  32|0x0000000759e00000, 0x0000000759e00000, 0x000000075a000000|  0%| F|  |TAMS 0x0000000759e00000| PB 0x0000000759e00000| Untracked |  0
|  33|0x000000075a000000, 0x000000075a000000, 0x000000075a200000|  0%| F|  |TAMS 0x000000075a000000| PB 0x000000075a000000| Untracked |  0
|  34|0x000000075a200000, 0x000000075a200000, 0x000000075a400000|  0%| F|  |TAMS 0x000000075a200000| PB 0x000000075a200000| Untracked |  0
|  35|0x000000075a400000, 0x000000075a400000, 0x000000075a600000|  0%| F|  |TAMS 0x000000075a400000| PB 0x000000075a400000| Untracked |  0
|  36|0x000000075a600000, 0x000000075a600000, 0x000000075a800000|  0%| F|  |TAMS 0x000000075a600000| PB 0x000000075a600000| Untracked |  0
|  37|0x000000075a800000, 0x000000075a800000, 0x000000075aa00000|  0%| F|  |TAMS 0x000000075a800000| PB 0x000000075a800000| Untracked |  0
|  38|0x000000075aa00000, 0x000000075aa00000, 0x000000075ac00000|  0%| F|  |TAMS 0x000000075aa00000| PB 0x000000075aa00000| Untracked |  0
|  39|0x000000075ac00000, 0x000000075ac00000, 0x000000075ae00000|  0%| F|  |TAMS 0x000000075ac00000| PB 0x000000075ac00000| Untracked |  0
|  40|0x000000075ae00000, 0x000000075ae00000, 0x000000075b000000|  0%| F|  |TAMS 0x000000075ae00000| PB 0x000000075ae00000| Untracked |  0
|  41|0x000000075b000000, 0x000000075b000000, 0x000000075b200000|  0%| F|  |TAMS 0x000000075b000000| PB 0x000000075b000000| Untracked |  0
|  42|0x000000075b200000, 0x000000075b200000, 0x000000075b400000|  0%| F|  |TAMS 0x000000075b200000| PB 0x000000075b200000| Untracked |  0
|  43|0x000000075b400000, 0x000000075b400000, 0x000000075b600000|  0%| F|  |TAMS 0x000000075b400000| PB 0x000000075b400000| Untracked |  0
|  44|0x000000075b600000, 0x000000075b600000, 0x000000075b800000|  0%| F|  |TAMS 0x000000075b600000| PB 0x000000075b600000| Untracked |  0
|  45|0x000000075b800000, 0x000000075b800000, 0x000000075ba00000|  0%| F|  |TAMS 0x000000075b800000| PB 0x000000075b800000| Untracked |  0
|  46|0x000000075ba00000, 0x000000075ba00000, 0x000000075bc00000|  0%| F|  |TAMS 0x000000075ba00000| PB 0x000000075ba00000| Untracked |  0
|  47|0x000000075bc00000, 0x000000075bc00000, 0x000000075be00000|  0%| F|  |TAMS 0x000000075bc00000| PB 0x000000075bc00000| Untracked |  0
|  48|0x000000075be00000, 0x000000075be00000, 0x000000075c000000|  0%| F|  |TAMS 0x000000075be00000| PB 0x000000075be00000| Untracked |  0
|  49|0x000000075c000000, 0x000000075c000000, 0x000000075c200000|  0%| F|  |TAMS 0x000000075c000000| PB 0x000000075c000000| Untracked |  0
|  50|0x000000075c200000, 0x000000075c200000, 0x000000075c400000|  0%| F|  |TAMS 0x000000075c200000| PB 0x000000075c200000| Untracked |  0
|  51|0x000000075c400000, 0x000000075c400000, 0x000000075c600000|  0%| F|  |TAMS 0x000000075c400000| PB 0x000000075c400000| Untracked |  0
|  52|0x000000075c600000, 0x000000075c600000, 0x000000075c800000|  0%| F|  |TAMS 0x000000075c600000| PB 0x000000075c600000| Untracked |  0
|  53|0x000000075c800000, 0x000000075c800000, 0x000000075ca00000|  0%| F|  |TAMS 0x000000075c800000| PB 0x000000075c800000| Untracked |  0
|  54|0x000000075ca00000, 0x000000075ca00000, 0x000000075cc00000|  0%| F|  |TAMS 0x000000075ca00000| PB 0x000000075ca00000| Untracked |  0
|  55|0x000000075cc00000, 0x000000075cc00000, 0x000000075ce00000|  0%| F|  |TAMS 0x000000075cc00000| PB 0x000000075cc00000| Untracked |  0
|  56|0x000000075ce00000, 0x000000075ce00000, 0x000000075d000000|  0%| F|  |TAMS 0x000000075ce00000| PB 0x000000075ce00000| Untracked |  0
|  57|0x000000075d000000, 0x000000075d000000, 0x000000075d200000|  0%| F|  |TAMS 0x000000075d000000| PB 0x000000075d000000| Untracked |  0
|  58|0x000000075d200000, 0x000000075d200000, 0x000000075d400000|  0%| F|  |TAMS 0x000000075d200000| PB 0x000000075d200000| Untracked |  0
|  59|0x000000075d400000, 0x000000075d400000, 0x000000075d600000|  0%| F|  |TAMS 0x000000075d400000| PB 0x000000075d400000| Untracked |  0
|  60|0x000000075d600000, 0x000000075d600000, 0x000000075d800000|  0%| F|  |TAMS 0x000000075d600000| PB 0x000000075d600000| Untracked |  0
|  61|0x000000075d800000, 0x000000075d800000, 0x000000075da00000|  0%| F|  |TAMS 0x000000075d800000| PB 0x000000075d800000| Untracked |  0
|  62|0x000000075da00000, 0x000000075da00000, 0x000000075dc00000|  0%| F|  |TAMS 0x000000075da00000| PB 0x000000075da00000| Untracked |  0
|  63|0x000000075dc00000, 0x000000075dc00000, 0x000000075de00000|  0%| F|  |TAMS 0x000000075dc00000| PB 0x000000075dc00000| Untracked |  0
|  64|0x000000075de00000, 0x000000075de00000, 0x000000075e000000|  0%| F|  |TAMS 0x000000075de00000| PB 0x000000075de00000| Untracked |  0
|  65|0x000000075e000000, 0x000000075e000000, 0x000000075e200000|  0%| F|  |TAMS 0x000000075e000000| PB 0x000000075e000000| Untracked |  0
|  66|0x000000075e200000, 0x000000075e200000, 0x000000075e400000|  0%| F|  |TAMS 0x000000075e200000| PB 0x000000075e200000| Untracked |  0
|  67|0x000000075e400000, 0x000000075e400000, 0x000000075e600000|  0%| F|  |TAMS 0x000000075e400000| PB 0x000000075e400000| Untracked |  0
|  68|0x000000075e600000, 0x000000075e600000, 0x000000075e800000|  0%| F|  |TAMS 0x000000075e600000| PB 0x000000075e600000| Untracked |  0
|  69|0x000000075e800000, 0x000000075e800000, 0x000000075ea00000|  0%| F|  |TAMS 0x000000075e800000| PB 0x000000075e800000| Untracked |  0
|  70|0x000000075ea00000, 0x000000075ec00000, 0x000000075ec00000|100%| S|CS|TAMS 0x000000075ea00000| PB 0x000000075ea00000| Complete |  0
|  71|0x000000075ec00000, 0x000000075ee00000, 0x000000075ee00000|100%| S|CS|TAMS 0x000000075ec00000| PB 0x000000075ec00000| Complete |  0
|  72|0x000000075ee00000, 0x000000075ee00000, 0x000000075f000000|  0%| F|  |TAMS 0x000000075ee00000| PB 0x000000075ee00000| Untracked |  0
|  73|0x000000075f000000, 0x000000075f000000, 0x000000075f200000|  0%| F|  |TAMS 0x000000075f000000| PB 0x000000075f000000| Untracked |  0
|  74|0x000000075f200000, 0x000000075f200000, 0x000000075f400000|  0%| F|  |TAMS 0x000000075f200000| PB 0x000000075f200000| Untracked |  0
|  75|0x000000075f400000, 0x000000075f400000, 0x000000075f600000|  0%| F|  |TAMS 0x000000075f400000| PB 0x000000075f400000| Untracked |  0
|  76|0x000000075f600000, 0x000000075f600000, 0x000000075f800000|  0%| F|  |TAMS 0x000000075f600000| PB 0x000000075f600000| Untracked |  0
|  77|0x000000075f800000, 0x000000075f800000, 0x000000075fa00000|  0%| F|  |TAMS 0x000000075f800000| PB 0x000000075f800000| Untracked |  0
|  78|0x000000075fa00000, 0x000000075fa00000, 0x000000075fc00000|  0%| F|  |TAMS 0x000000075fa00000| PB 0x000000075fa00000| Untracked |  0
|  79|0x000000075fc00000, 0x000000075fc00000, 0x000000075fe00000|  0%| F|  |TAMS 0x000000075fc00000| PB 0x000000075fc00000| Untracked |  0
|  80|0x000000075fe00000, 0x000000075ff5b6f8, 0x0000000760000000| 67%| E|  |TAMS 0x000000075fe00000| PB 0x000000075fe00000| Complete |  0
|  81|0x0000000760000000, 0x0000000760200000, 0x0000000760200000|100%| E|CS|TAMS 0x0000000760000000| PB 0x0000000760000000| Complete |  0
|  82|0x0000000760200000, 0x0000000760400000, 0x0000000760400000|100%| E|CS|TAMS 0x0000000760200000| PB 0x0000000760200000| Complete |  0
|  83|0x0000000760400000, 0x0000000760600000, 0x0000000760600000|100%| E|CS|TAMS 0x0000000760400000| PB 0x0000000760400000| Complete |  0
|  84|0x0000000760600000, 0x0000000760800000, 0x0000000760800000|100%| E|CS|TAMS 0x0000000760600000| PB 0x0000000760600000| Complete |  1
|  85|0x0000000760800000, 0x0000000760a00000, 0x0000000760a00000|100%| E|CS|TAMS 0x0000000760800000| PB 0x0000000760800000| Complete |  0
|1360|0x00000007ffe00000, 0x00000007fff258c0, 0x0000000800000000| 57%| O|  |TAMS 0x00000007ffe00000| PB 0x00000007ffe00000| Untracked |  0

Card table byte_map: [0x00000270afe20000,0x00000270b0380000] _byte_map_base: 0x00000270ac371000

Marking Bits: (CMBitMap*) 0x0000027098072820
 Bits: [0x00000270b0380000, 0x00000270b2e08000)

Polling page: 0x0000027095f00000

Metaspace:
Metaspace        used 11111K, committed 11328K, reserved 1114112K
 class space     used 1418K, committed 1472K, reserved 1048576K

Usage:
  Non-class:      9.47 MB used.
      Class:      1.39 MB used.
       Both:     10.85 MB used.

Virtual space:
  Non-class space:       64.00 MB reserved,       9.62 MB ( 15%) committed,  1 nodes.
      Class space:        1.00 GB reserved,       1.44 MB ( <1%) committed,  1 nodes.
             Both:        1.06 GB reserved,      11.06 MB (  1%) committed. 

Chunk freelists:
   Non-Class:  6.23 MB
       Class:  14.45 MB
        Both:  20.68 MB

MaxMetaspaceSize: unlimited
CompressedClassSpaceSize: 1.00 GB
Initial GC threshold: 21.00 MB
Current GC threshold: 21.00 MB
CDS: on
 - commit_granule_bytes: 65536.
 - commit_granule_words: 8192.
 - virtual_space_node_default_size: 8388608.
 - enlarge_chunks_in_place: 1.
UseCompressedClassPointers 1, UseCompactObjectHeaders 0
Narrow klass pointer bits 32, Max shift 3
Narrow klass base: 0x0000000014000000, Narrow klass shift: 0
Encoding Range: [0x0000000014000000 - 0x0000000114000000), (4294967296 bytes)
Klass Range:    [0x0000000014010000 - 0x0000000055000000), (1090453504 bytes)
Klass ID Range:  [65536 - 1090519033) (1090453497)
Protection zone: [0x0000000014000000 - 0x0000000014010000), (65536 bytes)


Internal statistics:

num_allocs_failed_limit: 0.
num_arena_births: 132.
num_arena_deaths: 0.
num_vsnodes_births: 2.
num_vsnodes_deaths: 0.
num_space_committed: 177.
num_space_uncommitted: 0.
num_chunks_returned_to_freelist: 0.
num_chunks_taken_from_freelist: 347.
num_chunk_merges: 0.
num_chunk_splits: 188.
num_chunks_enlarged: 122.
num_inconsistent_stats: 0.

CodeHeap 'non-profiled nmethods': size=120064Kb used=444Kb max_used=444Kb free=119619Kb
 bounds [0x00000270a8380000, 0x00000270a85f0000, 0x00000270af8c0000]
CodeHeap 'profiled nmethods': size=120000Kb used=2617Kb max_used=2617Kb free=117382Kb
 bounds [0x00000270a08c0000, 0x00000270a0b50000, 0x00000270a7df0000]
CodeHeap 'non-nmethods': size=5696Kb used=1388Kb max_used=1412Kb free=4307Kb
 bounds [0x00000270a7df0000, 0x00000270a8060000, 0x00000270a8380000]
CodeCache: size=245760Kb, used=4449Kb, max_used=4473Kb, free=241308Kb
 total_blobs=2237, nmethods=1724, adapters=416, full_count=0
Compilation: enabled, stopped_count=0, restarted_count=0

Compilation events (20 events):
Event: 1.408 Thread 0x00000270b5398250 nmethod 1604 0x00000270a0b20788 code [0x00000270a0b20880, 0x00000270a0b21bb8]
Event: 1.409 Thread 0x00000270b5398250 1605       3       java.util.HashMap::getOrDefault (19 bytes)
Event: 1.409 Thread 0x00000270b5398250 nmethod 1605 0x00000270a0b21c08 code [0x00000270a0b21d00, 0x00000270a0b21f10]
Event: 1.412 Thread 0x00000270b5398250 1606       1       java.util.concurrent.ConcurrentHashMap$MapEntry::getKey (5 bytes)
Event: 1.412 Thread 0x00000270b537d9c0 1608       4       java.util.HashMap::put (13 bytes)
Event: 1.412 Thread 0x00000270b5398250 nmethod 1606 0x00000270a83e7408 code [0x00000270a83e7500, 0x00000270a83e75c8]
Event: 1.412 Thread 0x00000270b5398250 1607       1       java.util.concurrent.ConcurrentHashMap$MapEntry::getValue (5 bytes)
Event: 1.412 Thread 0x00000270b5398250 nmethod 1607 0x00000270a83e7708 code [0x00000270a83e7800, 0x00000270a83e78c8]
Event: 1.412 Thread 0x00000270b5398250 1609       3       java.util.Collections$UnmodifiableCollection$1::hasNext (10 bytes)
Event: 1.412 Thread 0x00000270b5398250 nmethod 1609 0x00000270a0b21f88 code [0x00000270a0b22080, 0x00000270a0b22258]
Event: 1.423 Thread 0x00000270b537d9c0 nmethod 1608 0x00000270a83e7a08 code [0x00000270a83e7b00, 0x00000270a83e8640]
Event: 1.434 Thread 0x00000270b5398250 1616       3       java.lang.classfile.CodeBuilder::checkcast (19 bytes)
Event: 1.435 Thread 0x00000270b5398250 nmethod 1616 0x00000270a0b22288 code [0x00000270a0b22380, 0x00000270a0b22880]
Event: 1.435 Thread 0x00000270b5398250 1617       3       jdk.internal.classfile.impl.DirectCodeBuilder::checkcast (13 bytes)
Event: 1.435 Thread 0x00000270b5398250 nmethod 1617 0x00000270a0b22888 code [0x00000270a0b22980, 0x00000270a0b22ce8]
Event: 1.435 Thread 0x00000270b5398250 1618       3       jdk.internal.classfile.impl.UnboundAttribute::writeTo (12 bytes)
Event: 1.435 Thread 0x00000270b5398250 nmethod 1618 0x00000270a0b22d08 code [0x00000270a0b22e00, 0x00000270a0b23008]
Event: 1.438 Thread 0x00000270b5398250 1619       3       jdk.internal.loader.URLClassPath$JarLoader::findResource (17 bytes)
Event: 1.439 Thread 0x00000270b5398250 nmethod 1619 0x00000270a0b23088 code [0x00000270a0b23180, 0x00000270a0b233d8]
Event: 1.440 Thread 0x00000270b537d9c0 1620       4       jdk.internal.classfile.impl.StackMapGenerator::processBlock (2767 bytes)

GC Heap Usage History (2 events):
Event: 1.141 {heap Before GC invocations=0 (full 0):
 garbage-first heap   total reserved 2787328K, committed 178176K, used 27798K [0x0000000755e00000, 0x0000000800000000)
  region size 2048K, 14 young (28672K), 0 survivors (0K)
}
Event: 1.145 {heap After GC invocations=1 (full 0):
 garbage-first heap   total reserved 2787328K, committed 178176K, used 5351K [0x0000000755e00000, 0x0000000800000000)
  region size 2048K, 2 young (4096K), 2 survivors (4096K)
}

Metaspace Usage History (2 events):
Event: 1.141 {metaspace Before GC invocations=0 (full 0):
 Metaspace       used 8442K, committed 8640K, reserved 1114112K
  class space    used 1048K, committed 1152K, reserved 1048576K
}
Event: 1.145 {metaspace After GC invocations=1 (full 0):
 Metaspace       used 8442K, committed 8640K, reserved 1114112K
  class space    used 1048K, committed 1152K, reserved 1048576K
}

Dll operation events (9 events):
Event: 0.021 Loaded shared library C:\Program Files\JDK\jdk-25\bin\java.dll
Event: 0.024 Loaded shared library C:\Program Files\JDK\jdk-25\bin\zip.dll
Event: 0.167 Loaded shared library C:\Program Files\JDK\jdk-25\bin\instrument.dll
Event: 0.188 Loaded shared library C:\Program Files\JDK\jdk-25\bin\net.dll
Event: 0.191 Loaded shared library C:\Program Files\JDK\jdk-25\bin\nio.dll
Event: 0.199 Loaded shared library C:\Program Files\JDK\jdk-25\bin\zip.dll
Event: 0.215 Loaded shared library C:\Program Files\JDK\jdk-25\bin\verify.dll
Event: 0.405 Loaded shared library C:\Program Files\JDK\jdk-25\bin\extnet.dll
Event: 0.604 Loaded shared library C:\Program Files\JDK\jdk-25\bin\jimage.dll

Deoptimization events (20 events):
Event: 1.352 Thread 0x000002709801cfb0 Uncommon trap: trap_request=0xffffff6e fr.pc=0x00000270a83e4bfc relative=0x00000000000000fc
Event: 1.352 Thread 0x000002709801cfb0 Uncommon trap: reason=predicate action=maybe_recompile pc=0x00000270a83e4bfc method=java.util.Arrays.fill([Ljava/lang/Object;Ljava/lang/Object;)V @ 7 c2
Event: 1.352 Thread 0x000002709801cfb0 DEOPT PACKING pc=0x00000270a83e4bfc sp=0x000000c4900fac60
Event: 1.352 Thread 0x000002709801cfb0 DEOPT UNPACKING pc=0x00000270a7f0d382 sp=0x000000c4900fabd8 mode 2
Event: 1.388 Thread 0x000002709801cfb0 Uncommon trap: trap_request=0xffffffc6 fr.pc=0x00000270a83e57f0 relative=0x0000000000000970
Event: 1.388 Thread 0x000002709801cfb0 Uncommon trap: reason=bimorphic_or_optimized_type_check action=maybe_recompile pc=0x00000270a83e57f0 method=java.util.HashMap.putVal(ILjava/lang/Object;Ljava/lang/Object;ZZ)Ljava/lang/Object; @ 56 c2
Event: 1.388 Thread 0x000002709801cfb0 DEOPT PACKING pc=0x00000270a83e57f0 sp=0x000000c4900fbb90
Event: 1.388 Thread 0x000002709801cfb0 DEOPT UNPACKING pc=0x00000270a7f0d382 sp=0x000000c4900fba90 mode 2
Event: 1.388 Thread 0x000002709801cfb0 Uncommon trap: trap_request=0xffffffc6 fr.pc=0x00000270a83e57f0 relative=0x0000000000000970
Event: 1.388 Thread 0x000002709801cfb0 Uncommon trap: reason=bimorphic_or_optimized_type_check action=maybe_recompile pc=0x00000270a83e57f0 method=java.util.HashMap.putVal(ILjava/lang/Object;Ljava/lang/Object;ZZ)Ljava/lang/Object; @ 56 c2
Event: 1.388 Thread 0x000002709801cfb0 DEOPT PACKING pc=0x00000270a83e57f0 sp=0x000000c4900fbb90
Event: 1.388 Thread 0x000002709801cfb0 DEOPT UNPACKING pc=0x00000270a7f0d382 sp=0x000000c4900fba90 mode 2
Event: 1.388 Thread 0x000002709801cfb0 Uncommon trap: trap_request=0xffffffc6 fr.pc=0x00000270a83e57f0 relative=0x0000000000000970
Event: 1.388 Thread 0x000002709801cfb0 Uncommon trap: reason=bimorphic_or_optimized_type_check action=maybe_recompile pc=0x00000270a83e57f0 method=java.util.HashMap.putVal(ILjava/lang/Object;Ljava/lang/Object;ZZ)Ljava/lang/Object; @ 56 c2
Event: 1.388 Thread 0x000002709801cfb0 DEOPT PACKING pc=0x00000270a83e57f0 sp=0x000000c4900fbb90
Event: 1.388 Thread 0x000002709801cfb0 DEOPT UNPACKING pc=0x00000270a7f0d382 sp=0x000000c4900fba90 mode 2
Event: 1.388 Thread 0x000002709801cfb0 Uncommon trap: trap_request=0xffffffc6 fr.pc=0x00000270a83e57f0 relative=0x0000000000000970
Event: 1.388 Thread 0x000002709801cfb0 Uncommon trap: reason=bimorphic_or_optimized_type_check action=maybe_recompile pc=0x00000270a83e57f0 method=java.util.HashMap.putVal(ILjava/lang/Object;Ljava/lang/Object;ZZ)Ljava/lang/Object; @ 56 c2
Event: 1.388 Thread 0x000002709801cfb0 DEOPT PACKING pc=0x00000270a83e57f0 sp=0x000000c4900fbb90
Event: 1.388 Thread 0x000002709801cfb0 DEOPT UNPACKING pc=0x00000270a7f0d382 sp=0x000000c4900fba90 mode 2

Classes loaded (20 events):
Event: 1.437 Loading class jdk/internal/event/ProcessStartEvent
Event: 1.437 Loading class jdk/internal/event/ProcessStartEvent done
Event: 1.437 Loading class jdk/internal/logger/LazyLoggers
Event: 1.437 Loading class jdk/internal/logger/LazyLoggers done
Event: 1.438 Loading class jdk/internal/logger/LazyLoggers$1
Event: 1.438 Loading class jdk/internal/logger/LazyLoggers$1 done
Event: 1.438 Loading class jdk/internal/logger/LazyLoggers$LazyLoggerFactories
Event: 1.438 Loading class jdk/internal/logger/LazyLoggers$LazyLoggerFactories done
Event: 1.438 Loading class jdk/internal/logger/LoggerFinderLoader
Event: 1.438 Loading class jdk/internal/logger/LoggerFinderLoader done
Event: 1.438 Loading class jdk/internal/logger/LoggerFinderLoader$TemporaryLoggerFinder
Event: 1.438 Loading class jdk/internal/logger/LoggerFinderLoader$TemporaryLoggerFinder done
Event: 1.439 Loading class sun/util/logging/internal/LoggingProviderImpl$JULWrapper
Event: 1.439 Loading class sun/util/logging/PlatformLogger$ConfigurableBridge$LoggerConfiguration
Event: 1.439 Loading class sun/util/logging/PlatformLogger$ConfigurableBridge$LoggerConfiguration done
Event: 1.439 Loading class sun/util/logging/internal/LoggingProviderImpl$JULWrapper done
Event: 1.439 Loading class java/lang/System$Logger$Level
Event: 1.439 Loading class java/lang/System$Logger$Level done
Event: 1.440 Loading class org/openqa/selenium/os/ExternalProcess$Builder
Event: 1.440 Loading class org/openqa/selenium/os/ExternalProcess$Builder done

Classes unloaded (0 events):
No events

Classes redefined (2 events):
Event: 0.248 Thread 0x00000270980d0ec0 redefined class name=java.lang.Throwable, count=1
Event: 0.273 Thread 0x00000270980d0ec0 redefined class name=java.io.FileOutputStream, count=1

Internal exceptions (20 events):
Event: 1.047 Thread 0x000002709801cfb0 Exception <a 'java/lang/IncompatibleClassChangeError'{0x000000075f3b74f8}: Found class java.lang.Object, but interface was expected> (0x000000075f3b74f8) 
thrown [s\open\src\hotspot\share\interpreter\linkResolver.cpp, line 871]
Event: 1.049 Thread 0x000002709801cfb0 Exception <a 'java/lang/NoSuchMethodError'{0x000000075f3ce980}: 'java.lang.Object java.lang.invoke.DirectMethodHandle$Holder.newInvokeSpecial(java.lang.Object, long, long, java.lang.Object)'> (0x000000075f3ce980) 
thrown [s\open\src\hotspot\share\interpreter\linkResolver.cpp, line 804]
Event: 1.056 Thread 0x000002709801cfb0 Exception <a 'java/lang/NoSuchMethodError'{0x000000075f048f00}: 'void java.lang.invoke.DirectMethodHandle$Holder.invokeInterface(java.lang.Object, java.lang.Object, java.lang.Object, java.lang.Object)'> (0x000000075f048f00) 
thrown [s\open\src\hotspot\share\interpreter\linkResolver.cpp, line 804]
Event: 1.057 Thread 0x000002709801cfb0 Exception <a 'java/lang/IncompatibleClassChangeError'{0x000000075f050d18}: Found class java.lang.Object, but interface was expected> (0x000000075f050d18) 
thrown [s\open\src\hotspot\share\interpreter\linkResolver.cpp, line 871]
Event: 1.061 Thread 0x000002709801cfb0 Exception <a 'java/lang/NoSuchMethodError'{0x000000075f07d468}: 'void java.lang.invoke.DirectMethodHandle$Holder.invokeStatic(java.lang.Object, java.lang.Object, java.lang.Object, java.lang.Object)'> (0x000000075f07d468) 
thrown [s\open\src\hotspot\share\interpreter\linkResolver.cpp, line 804]
Event: 1.066 Thread 0x000002709801cfb0 Exception <a 'java/lang/NoSuchMethodError'{0x000000075f0c1590}: 'java.lang.Object java.lang.invoke.DirectMethodHandle$Holder.newInvokeSpecial(java.lang.Object, java.lang.Object, int)'> (0x000000075f0c1590) 
thrown [s\open\src\hotspot\share\interpreter\linkResolver.cpp, line 804]
Event: 1.087 Thread 0x000002709801cfb0 Exception <a 'java/lang/NoSuchMethodError'{0x000000075f196180}: 'int java.lang.invoke.DirectMethodHandle$Holder.invokeStatic(java.lang.Object, java.lang.Object, java.lang.Object, java.lang.Object)'> (0x000000075f196180) 
thrown [s\open\src\hotspot\share\interpreter\linkResolver.cpp, line 804]
Event: 1.090 Thread 0x000002709801cfb0 Exception <a 'java/lang/NoSuchMethodError'{0x000000075f1bd050}: 'int java.lang.invoke.DirectMethodHandle$Holder.invokeStatic(java.lang.Object, java.lang.Object, java.lang.Object, java.lang.Object, java.lang.Object)'> (0x000000075f1bd050) 
thrown [s\open\src\hotspot\share\interpreter\linkResolver.cpp, line 804]
Event: 1.103 Thread 0x000002709801cfb0 Exception <a 'java/lang/NoSuchMethodError'{0x000000075ee242a0}: 'void java.lang.invoke.DirectMethodHandle$Holder.invokeStaticInit(java.lang.Object)'> (0x000000075ee242a0) 
thrown [s\open\src\hotspot\share\interpreter\linkResolver.cpp, line 804]
Event: 1.124 Thread 0x000002709801cfb0 Exception <a 'java/lang/NoSuchMethodError'{0x000000075eefddf8}: 'void java.lang.invoke.DirectMethodHandle$Holder.invokeStaticInit(java.lang.Object, java.lang.Object, java.lang.Object, java.lang.Object)'> (0x000000075eefddf8) 
thrown [s\open\src\hotspot\share\interpreter\linkResolver.cpp, line 804]
Event: 1.137 Thread 0x000002709801cfb0 Exception <a 'java/lang/NoSuchMethodError'{0x000000075efd45c8}: 'int java.lang.invoke.DirectMethodHandle$Holder.invokeStaticInit(java.lang.Object, java.lang.Object)'> (0x000000075efd45c8) 
thrown [s\open\src\hotspot\share\interpreter\linkResolver.cpp, line 804]
Event: 1.191 Thread 0x000002709801cfb0 Exception <a 'java/lang/NoSuchMethodError'{0x0000000760683eb8}: 'java.lang.Object java.lang.invoke.DirectMethodHandle$Holder.newInvokeSpecial(java.lang.Object, java.lang.Object, java.lang.Object, java.lang.Object, java.lang.Object, java.lang.Object, java.lang.Object)'> (0x0000000760683eb8) 
thrown [s\open\src\hotspot\share\interpreter\linkResolver.cpp, line 804]
Event: 1.194 Thread 0x000002709801cfb0 Exception <a 'java/lang/NoSuchMethodError'{0x00000007606a2050}: 'java.lang.Object java.lang.invoke.DirectMethodHandle$Holder.invokeInterface(java.lang.Object, java.lang.Object, java.lang.Object, java.lang.Object, java.lang.Object)'> (0x00000007606a2050) 
thrown [s\open\src\hotspot\share\interpreter\linkResolver.cpp, line 804]
Event: 1.194 Thread 0x000002709801cfb0 Exception <a 'java/lang/IncompatibleClassChangeError'{0x00000007606aa4f0}: Found class java.lang.Object, but interface was expected> (0x00000007606aa4f0) 
thrown [s\open\src\hotspot\share\interpreter\linkResolver.cpp, line 871]
Event: 1.222 Thread 0x000002709801cfb0 Exception <a 'java/lang/IncompatibleClassChangeError'{0x0000000760728a00}: Found class java.lang.Object, but interface was expected> (0x0000000760728a00) 
thrown [s\open\src\hotspot\share\interpreter\linkResolver.cpp, line 871]
Event: 1.236 Thread 0x000002709801cfb0 Exception <a 'java/lang/NoSuchMethodError'{0x00000007607b0ed8}: 'void java.lang.invoke.DirectMethodHandle$Holder.invokeVirtual(java.lang.Object, java.lang.Object)'> (0x00000007607b0ed8) 
thrown [s\open\src\hotspot\share\interpreter\linkResolver.cpp, line 804]
Event: 1.427 Thread 0x000002709801cfb0 Exception <a 'java/lang/NoSuchMethodError'{0x00000007603322b8}: 'void java.lang.invoke.DirectMethodHandle$Holder.invokeStatic(java.lang.Object, long)'> (0x00000007603322b8) 
thrown [s\open\src\hotspot\share\interpreter\linkResolver.cpp, line 804]
Event: 1.428 Thread 0x000002709801cfb0 Exception <a 'java/lang/NoSuchMethodError'{0x0000000760341518}: 'java.lang.Object java.lang.invoke.DirectMethodHandle$Holder.newInvokeSpecial(java.lang.Object, long)'> (0x0000000760341518) 
thrown [s\open\src\hotspot\share\interpreter\linkResolver.cpp, line 804]
Event: 1.433 Thread 0x000002709801cfb0 Exception <a 'java/lang/NoSuchMethodError'{0x0000000760361448}: 'java.lang.Object java.lang.invoke.DirectMethodHandle$Holder.invokeStatic(java.lang.Object, long, java.lang.Object)'> (0x0000000760361448) 
thrown [s\open\src\hotspot\share\interpreter\linkResolver.cpp, line 804]
Event: 1.434 Thread 0x000002709801cfb0 Exception <a 'java/lang/NoSuchMethodError'{0x0000000760369b20}: 'java.lang.Object java.lang.invoke.DirectMethodHandle$Holder.invokeStaticInit(java.lang.Object, long, java.lang.Object)'> (0x0000000760369b20) 
thrown [s\open\src\hotspot\share\interpreter\linkResolver.cpp, line 804]

VM Operations (20 events):
Event: 0.273 Executing safepoint VM operation: RedefineClasses
Event: 0.274 Executing safepoint VM operation: RedefineClasses done
Event: 0.344 Executing non-safepoint VM operation: HandshakeAllThreads (Deoptimize)
Event: 0.344 Executing non-safepoint VM operation: HandshakeAllThreads (Deoptimize) done
Event: 0.718 Executing non-safepoint VM operation: HandshakeAllThreads (Deoptimize)
Event: 0.718 Executing non-safepoint VM operation: HandshakeAllThreads (Deoptimize) done
Event: 0.749 Executing non-safepoint VM operation: HandshakeAllThreads (Deoptimize)
Event: 0.749 Executing non-safepoint VM operation: HandshakeAllThreads (Deoptimize) done
Event: 0.826 Executing non-safepoint VM operation: HandshakeAllThreads (Deoptimize)
Event: 0.826 Executing non-safepoint VM operation: HandshakeAllThreads (Deoptimize) done
Event: 1.141 Executing safepoint VM operation: G1CollectForAllocation (G1 Evacuation Pause)
Event: 1.145 Executing safepoint VM operation: G1CollectForAllocation (G1 Evacuation Pause) done
Event: 1.214 Executing non-safepoint VM operation: HandshakeAllThreads (Deoptimize)
Event: 1.214 Executing non-safepoint VM operation: HandshakeAllThreads (Deoptimize) done
Event: 1.229 Executing non-safepoint VM operation: HandshakeAllThreads (Deoptimize)
Event: 1.229 Executing non-safepoint VM operation: HandshakeAllThreads (Deoptimize) done
Event: 1.357 Executing non-safepoint VM operation: HandshakeAllThreads (Deoptimize)
Event: 1.357 Executing non-safepoint VM operation: HandshakeAllThreads (Deoptimize) done
Event: 1.387 Executing non-safepoint VM operation: HandshakeAllThreads (Deoptimize)
Event: 1.387 Executing non-safepoint VM operation: HandshakeAllThreads (Deoptimize) done

Memory protections (0 events):
No events

Nmethod flushes (0 events):
No events

Events (15 events):
Event: 0.045 Thread 0x000002709801cfb0 Thread added: 0x000002709801cfb0
Event: 0.058 Thread 0x000002709801cfb0 Thread added: 0x00000270b536f1b0
Event: 0.058 Thread 0x000002709801cfb0 Thread added: 0x00000270b536fef0
Event: 0.059 Thread 0x000002709801cfb0 Thread added: 0x00000270b53783c0
Event: 0.059 Thread 0x000002709801cfb0 Thread added: 0x00000270b53792d0
Event: 0.059 Thread 0x000002709801cfb0 Thread added: 0x00000270b5379e90
Event: 0.059 Thread 0x000002709801cfb0 Thread added: 0x00000270b537aa50
Event: 0.059 Thread 0x000002709801cfb0 Thread added: 0x00000270b537d9c0
Event: 0.059 Thread 0x000002709801cfb0 Thread added: 0x00000270b5398250
Event: 0.192 Thread 0x000002709801cfb0 Thread added: 0x00000270b55ab9e0
Event: 0.255 Thread 0x000002709801cfb0 Thread added: 0x00000270b56300a0
Event: 0.259 Thread 0x000002709801cfb0 Thread added: 0x00000270b5646940
Event: 0.330 Thread 0x000002709801cfb0 Thread added: 0x00000270b5799a70
Event: 0.330 Thread 0x000002709801cfb0 Thread added: 0x00000270b579e6d0
Event: 1.441 Thread 0x000002709801cfb0 Thread added: 0x00000270b5848630


Dynamic libraries:
0x00007ff60b790000 - 0x00007ff60b7a0000 	C:\Program Files\JDK\jdk-25\bin\java.exe
0x00007ff966990000 - 0x00007ff966b89000 	C:\Windows\SYSTEM32\ntdll.dll
0x00007ff9658c0000 - 0x00007ff965982000 	C:\Windows\System32\KERNEL32.DLL
0x00007ff964380000 - 0x00007ff964677000 	C:\Windows\System32\KERNELBASE.dll
0x00007ff964280000 - 0x00007ff964380000 	C:\Windows\System32\ucrtbase.dll
0x00007ff95d410000 - 0x00007ff95d427000 	C:\Program Files\JDK\jdk-25\bin\jli.dll
0x00007ff95d430000 - 0x00007ff95d44e000 	C:\Program Files\JDK\jdk-25\bin\VCRUNTIME140.dll
0x00007ff966010000 - 0x00007ff9661ad000 	C:\Windows\System32\USER32.dll
0x00007ff964850000 - 0x00007ff964872000 	C:\Windows\System32\win32u.dll
0x00007ff965fe0000 - 0x00007ff96600b000 	C:\Windows\System32\GDI32.dll
0x00007ff951c00000 - 0x00007ff951e9b000 	C:\Windows\WinSxS\amd64_microsoft.windows.common-controls_6595b64144ccf1df_6.0.19041.7663_none_60b9ed0b71f50c93\COMCTL32.dll
0x00007ff964160000 - 0x00007ff96427a000 	C:\Windows\System32\gdi32full.dll
0x00007ff9646d0000 - 0x00007ff96476d000 	C:\Windows\System32\msvcp_win.dll
0x00007ff9656d0000 - 0x00007ff96576e000 	C:\Windows\System32\msvcrt.dll
0x00007ff9656a0000 - 0x00007ff9656cf000 	C:\Windows\System32\IMM32.DLL
0x00007ff960230000 - 0x00007ff96023c000 	C:\Program Files\JDK\jdk-25\bin\vcruntime140_1.dll
0x00007ff956950000 - 0x00007ff9569dd000 	C:\Program Files\JDK\jdk-25\bin\msvcp140.dll
0x00007ff913d50000 - 0x00007ff914bb0000 	C:\Program Files\JDK\jdk-25\bin\server\jvm.dll
0x00007ff966890000 - 0x00007ff966942000 	C:\Windows\System32\ADVAPI32.dll
0x00007ff964a10000 - 0x00007ff964ab0000 	C:\Windows\System32\sechost.dll
0x00007ff9661b0000 - 0x00007ff9662d6000 	C:\Windows\System32\RPCRT4.dll
0x00007ff964770000 - 0x00007ff964797000 	C:\Windows\System32\bcrypt.dll
0x00007ff965850000 - 0x00007ff9658bb000 	C:\Windows\System32\WS2_32.dll
0x00007ff963b60000 - 0x00007ff963bab000 	C:\Windows\SYSTEM32\POWRPROF.dll
0x00007ff94e050000 - 0x00007ff94e077000 	C:\Windows\SYSTEM32\WINMM.dll
0x00007ff95d5e0000 - 0x00007ff95d5ea000 	C:\Windows\SYSTEM32\VERSION.dll
0x00007ff963a50000 - 0x00007ff963a62000 	C:\Windows\SYSTEM32\UMPDC.dll
0x00007ff962810000 - 0x00007ff962822000 	C:\Windows\SYSTEM32\kernel.appcore.dll
0x00007ff95e320000 - 0x00007ff95e32a000 	C:\Program Files\JDK\jdk-25\bin\jimage.dll
0x00007ff961d40000 - 0x00007ff961f41000 	C:\Windows\SYSTEM32\DBGHELP.DLL
0x00007ff941fa0000 - 0x00007ff941fd4000 	C:\Windows\SYSTEM32\dbgcore.DLL
0x00007ff964880000 - 0x00007ff964902000 	C:\Windows\System32\bcryptPrimitives.dll
0x00007ff956940000 - 0x00007ff956950000 	C:\Program Files\JDK\jdk-25\bin\instrument.dll
0x00007ff95c300000 - 0x00007ff95c31f000 	C:\Program Files\JDK\jdk-25\bin\java.dll
0x00007ff965a60000 - 0x00007ff965b8b000 	C:\Windows\System32\ole32.dll
0x00007ff965c80000 - 0x00007ff965fd3000 	C:\Windows\System32\combase.dll
0x00007ff964b90000 - 0x00007ff965301000 	C:\Windows\System32\SHELL32.dll
0x00007ff956ca0000 - 0x00007ff956cb6000 	C:\Program Files\JDK\jdk-25\bin\zip.dll
0x00007ff962050000 - 0x00007ff9627fc000 	C:\Windows\SYSTEM32\windows.storage.dll
0x00007ff9639b0000 - 0x00007ff9639db000 	C:\Windows\SYSTEM32\Wldp.dll
0x00007ff9662e0000 - 0x00007ff9663b6000 	C:\Windows\System32\OLEAUT32.dll
0x00007ff965990000 - 0x00007ff965a3d000 	C:\Windows\System32\SHCORE.dll
0x00007ff966830000 - 0x00007ff96688b000 	C:\Windows\System32\shlwapi.dll
0x00007ff963f20000 - 0x00007ff963f45000 	C:\Windows\SYSTEM32\profapi.dll
0x00007ff95bdc0000 - 0x00007ff95bdd2000 	C:\Program Files\JDK\jdk-25\bin\net.dll
0x00007ff963680000 - 0x00007ff9636ea000 	C:\Windows\system32\mswsock.dll
0x00007ff956cc0000 - 0x00007ff956cd6000 	C:\Program Files\JDK\jdk-25\bin\nio.dll
0x00007ff956930000 - 0x00007ff956940000 	C:\Program Files\JDK\jdk-25\bin\verify.dll
0x00007ff956910000 - 0x00007ff956919000 	C:\Program Files\JDK\jdk-25\bin\extnet.dll
0x00007ff9633a0000 - 0x00007ff96346c000 	C:\Windows\SYSTEM32\DNSAPI.dll
0x00007ff963360000 - 0x00007ff96339b000 	C:\Windows\SYSTEM32\IPHLPAPI.DLL
0x00007ff9654e0000 - 0x00007ff9654e8000 	C:\Windows\System32\NSI.dll
0x000000005d9c0000 - 0x000000005d9e6000 	C:\Program Files\Bonjour\mdnsNSP.dll
0x00007ff95b960000 - 0x00007ff95b96a000 	C:\Windows\System32\rasadhlp.dll
0x00007ff950db0000 - 0x00007ff950e30000 	C:\Windows\System32\fwpuclnt.dll

JVMTI agents:
C:\Users\Israel\AppData\Local\JetBrains\IntelliJIdea2026.2\captureAgent\debugger-agent.jar path:C:\Program Files\JDK\jdk-25\bin\instrument.dll, loaded, initialized, instrumentlib options:file:///C:/Users/Israel/AppData/Local/Temp/capture5697464987506900753.props
C:\Program Files\JetBrains\IntelliJ IDEA 2026.2.0.1\lib\idea_rt.jar path:C:\Program Files\JDK\jdk-25\bin\instrument.dll, loaded, initialized, instrumentlib options:65195

dbghelp: loaded successfully - version: 4.0.5 - missing functions: none
symbol engine: initialized successfully - sym options: 0x614 - pdb path: .;C:\Program Files\JDK\jdk-25\bin;C:\Windows\SYSTEM32;C:\Windows\WinSxS\amd64_microsoft.windows.common-controls_6595b64144ccf1df_6.0.19041.7663_none_60b9ed0b71f50c93;C:\Program Files\JDK\jdk-25\bin\server;C:\Program Files\Bonjour

VM Arguments:
jvm_args: -javaagent:C:\Users\Israel\AppData\Local\JetBrains\IntelliJIdea2026.2\captureAgent\debugger-agent.jar=file:///C:/Users/Israel/AppData/Local/Temp/capture5697464987506900753.props -ea -Didea.test.cyclic.buffer.size=1048576 -javaagent:C:\Program Files\JetBrains\IntelliJ IDEA 2026.2.0.1\lib\idea_rt.jar=65195 -Dkotlinx.coroutines.debug.enable.creation.stack.trace=false -Ddebugger.agent.enable.coroutines=true -Dkotlinx.coroutines.debug.enable.flows.stack.trace=true -Dkotlinx.coroutines.debug.enable.mutable.state.flows.stack.trace=true -Ddebugger.async.stack.trace.for.all.threads=true -Ddebugger.agent.enable.log.capture=true -Dfile.encoding=UTF-8 -Dsun.stdout.encoding=UTF-8 -Dsun.stderr.encoding=UTF-8 
java_command: com.intellij.rt.junit.JUnitStarter -ideVersion5 -junit5 app.vercel.northwind.category.CategoryTest,testCT001_TentarSalvarSemNome
java_class_path (initial): C:\Users\Israel\.m2\repository\org\junit\platform\junit-platform-launcher\1.11.0\junit-platform-launcher-1.11.0.jar;C:\Users\Israel\.m2\repository\org\junit\platform\junit-platform-engine\1.11.0\junit-platform-engine-1.11.0.jar;C:\Users\Israel\.m2\repository\org\junit\jupiter\junit-jupiter-engine\5.11.0\junit-jupiter-engine-5.11.0.jar;C:\Program Files\JetBrains\IntelliJ IDEA 2026.2.0.1\lib\idea_rt.jar;C:\Program Files\JetBrains\IntelliJ IDEA 2026.2.0.1\plugins\junit\lib\junit5-rt.jar;C:\Program Files\JetBrains\IntelliJ IDEA 2026.2.0.1\plugins\junit\lib\junit-rt.jar;C:\Users\Israel\IdeaProjects\selenium-northwind\target\test-classes;C:\Users\Israel\IdeaProjects\selenium-northwind\target\classes;C:\Users\Israel\.m2\repository\org\junit\jupiter\junit-jupiter-params\5.11.0\junit-jupiter-params-5.11.0.jar;C:\Users\Israel\.m2\repository\org\junit\jupiter\junit-jupiter-api\5.11.0\junit-jupiter-api-5.11.0.jar;C:\Users\Israel\.m2\repository\org\opentest4j\opentest4j\1.3.0\opentest4j-1.3.0.jar;C:\Users\Israel\.m2\repository\org\junit\platform\junit-platform-commons\1.11.0\junit-platform-commons-1.11.0.jar;C:\Users\Israel\.m2\repository\org\apiguardian\apiguardian-api\1.1.2\apiguardian-api-1.1.2.jar;C:\Users\Israel\.m2\repository\org\seleniumhq\selenium\selenium-java\4.39.0\selenium-java-4.39.0.jar;C:\Users\Israel\.m2\repository\org\seleniumhq\selenium\selenium-api\4.39.0\selenium-api-4.39.0.jar;C:\Users\Israel\.m2\repository\org\jspecify\jspecify\1.0.0\jspecify-1.0.0.jar;C:\Users\Israel\.m2\repository\org\seleniumhq\selenium\selenium-chrome-driver\4.39.0\selenium-chrome-driver-4.39.0.jar;C:\Users\Israel\.m2\repository\com\google\auto\service\auto-service-annotations\1.1.1\auto-service-annotations-1.1.1.jar;C:\Users\Israel\.m2\repository\org\seleniumhq\selenium\selenium-chromium-driver\4.39.0\selenium-chromium-driver-4.39.0.jar;C:\Users\Israel\.m2\repository\org\seleniumhq\selenium\selenium-json\4.39.0\selenium-json-4.39.0.jar;C:\Users\Israel\.m2\repository\org\seleniumhq\selenium\selenium-manager\4.39.0\selenium-manager-4.39.0.jar;C:\Users\Israel\.m2\repository\org\seleniumhq\selenium\selenium-devtools-v141\4.39.0\selenium-devtools-v141-4.39.0.jar;C:\Users\Israel\.m2\repository\org\seleniumhq\selenium\selenium-devtools-v142\4.39.0\selenium-devtools-v142-4.39.0.jar;C:\Users\Israel\.m2\repository\org\seleniumhq\selenium\selenium-devtools-v143\4.39.0\selenium-devtools-v143-4.39.0.jar;C:\Users\Israel\.m2\repository\org\seleniumhq\selenium\selenium-edge-driver\4.39.0\selenium-edge-driver-4.39.0.jar;C:\Users\Israel\.m2\repository\org\seleniumhq\selenium\selenium-firefox-driver\4.39.0\selenium-firefox-driver-4.39.0.jar;C:\Users\Israel\.m2\repository\org\seleniumhq\selenium\selenium-http\4.39.0\selenium-http-4.39.0.jar;C:\Users\Israel\.m2\repository\org\seleniumhq\selenium\selenium-ie-driver\4.39.0\selenium-ie-driver-4.39.0.jar;C:\Users\Israel\.m2\repository\org\seleniumhq\selenium\selenium-remote-driver\4.39.0\selenium-remote-driver-4.39.0.jar;C:\Users\Israel\.m2\repository\com\google\guava\guava\33.5.0-jre\guava-33.5.0-jre.jar;C:\Users\Israel\.m2\repository\com\google\guava\failureaccess\1.0.3\failureaccess-1.0.3.jar;C:\Users\Israel\.m2\repository\com\google\guava\listenablefuture\9999.0-empty-to-avoid-conflict-with-guava\listenablefuture-9999.0-empty-to-avoid-conflict-with-guava.jar;C:\Users\Israel\.m2\repository\com\google\errorprone\error_prone_annotations\2.41.0\error_prone_annotations-2.41.0.jar;C:\Users\Israel\.m2\repository\com\google\j2objc\j2objc-annotations\3.1\j2objc-annotations-3.1.jar;C:\Users\Israel\.m2\repository\io\opentelemetry\opentelemetry-api\1.56.0\opentelemetry-api-1.56.0.jar;C:\Users\Israel\.m2\repository\io\opentelemetry\opentelemetry-context\1.56.0\opentelemetry-context-1.56.0.jar;C:\Users\Israel\.m2\repository\io\opentelemetry\opentelemetry-common\1.56.0\opentelemetry-common-1.56.0.jar;C:\Users\Israel\.m2\repository\io\opentelemetry\opentelemetry-exporter-logging\1.56.0\opentelemetry-exporter-logging-1.56.0.jar;C:\Users\Israel\.m2\repository\io\opentelemetry\opentelemetry-sdk-common\1.56.0\opentelemetry-sdk-common-1.56.0.jar;C:\Users\Israel\.m2\repository\io\opentelemetry\opentelemetry-sdk-extension-autoconfigure-spi\1.56.0\opentelemetry-sdk-extension-autoconfigure-spi-1.56.0.jar;C:\Users\Israel\.m2\repository\io\opentelemetry\opentelemetry-sdk-extension-autoconfigure\1.56.0\opentelemetry-sdk-extension-autoconfigure-1.56.0.jar;C:\Users\Israel\.m2\repository\io\opentelemetry\opentelemetry-sdk-trace\1.56.0\opentelemetry-sdk-trace-1.56.0.jar;C:\Users\Israel\.m2\repository\io\opentelemetry\opentelemetry-sdk\1.56.0\opentelemetry-sdk-1.56.0.jar;C:\Users\Israel\.m2\repository\io\opentelemetry\opentelemetry-sdk-metrics\1.56.0\opentelemetry-sdk-metrics-1.56.0.jar;C:\Users\Israel\.m2\repository\io\opentelemetry\opentelemetry-sdk-logs\1.56.0\opentelemetry-sdk-logs-1.56.0.jar;C:\Users\Israel\.m2\repository\net\bytebuddy\byte-buddy\1.18.2\byte-buddy-1.18.2.jar;C:\Users\Israel\.m2\repository\org\seleniumhq\selenium\selenium-os\4.39.0\selenium-os-4.39.0.jar;C:\Users\Israel\.m2\repository\org\apache\commons\commons-exec\1.6.0\commons-exec-1.6.0.jar;C:\Users\Israel\.m2\repository\org\seleniumhq\selenium\selenium-safari-driver\4.39.0\selenium-safari-driver-4.39.0.jar;C:\Users\Israel\.m2\repository\org\seleniumhq\selenium\selenium-support\4.39.0\selenium-support-4.39.0.jar
Launcher Type: SUN_STANDARD

[Global flags]
     intx CICompilerCount                          = 3                                         {product} {ergonomic}
     uint ConcGCThreads                            = 1                                         {product} {ergonomic}
     uint G1ConcRefinementThreads                  = 4                                         {product} {ergonomic}
   size_t G1HeapRegionSize                         = 2097152                                   {product} {ergonomic}
   size_t InitialHeapSize                          = 180355072                                 {product} {ergonomic}
   size_t MarkStackSize                            = 4194304                                   {product} {ergonomic}
   size_t MarkStackSizeMax                         = 536870912                                 {product} {ergonomic}
   size_t MaxHeapSize                              = 2854223872                                {product} {ergonomic}
   size_t MaxNewSize                               = 1711276032                                {product} {ergonomic}
   size_t MinHeapDeltaBytes                        = 2097152                                   {product} {ergonomic}
   size_t MinHeapSize                              = 8388608                                   {product} {ergonomic}
    uintx NonNMethodCodeHeapSize                   = 5832704                                {pd product} {ergonomic}
    uintx NonProfiledCodeHeapSize                  = 122945536                              {pd product} {ergonomic}
    uintx ProfiledCodeHeapSize                     = 122880000                              {pd product} {ergonomic}
    uintx ReservedCodeCacheSize                    = 251658240                              {pd product} {ergonomic}
     bool SegmentedCodeCache                       = true                                      {product} {ergonomic}
   size_t SoftMaxHeapSize                          = 2854223872                             {manageable} {ergonomic}
     bool UseCompressedOops                        = true                           {product lp64_product} {ergonomic}
     bool UseG1GC                                  = true                                      {product} {ergonomic}
     bool UseLargePagesIndividualAllocation        = false                                  {pd product} {ergonomic}

Logging:
Log output configuration:
 #0: stdout all=warning uptime,level,tags foldmultilines=false
 #1: stderr all=off uptime,level,tags foldmultilines=false

Release file:
IMPLEMENTOR="Oracle Corporation" 
JAVA_RUNTIME_VERSION="25.0.4+7-LTS-189" 
JAVA_VERSION="25.0.4" 
JAVA_VERSION_DATE="2026-07-21" 
LIBC="default" 
MODULES="java.base java.compiler java.datatransfer java.xml java.prefs java.desktop java.instrument java.logging java.management java.security.sasl java.naming java.rmi java.management.rmi java.net.http java.scripting java.security.jgss java.transaction.xa java.sql java.sql.rowset java.xml.crypto java.se java.smartcardio jdk.accessibility jdk.internal.jvmstat jdk.attach jdk.charsets jdk.internal.opt jdk.zipfs jdk.compiler jdk.crypto.cryptoki jdk.crypto.ec jdk.crypto.mscapi jdk.dynalink jdk.internal.ed jdk.editpad jdk.internal.vm.ci jdk.graal.compiler jdk.graal.compiler.management jdk.hotspot.agent jdk.httpserver jdk.incubator.vector jdk.internal.le jdk.internal.md jdk.jartool jdk.javadoc jdk.jcmd jdk.management jdk.management.agent jdk.jconsole jdk.jdeps jdk.jdwp.agent jdk.jdi jdk.jfr jdk.jlink jdk.jpackage jdk.jshell jdk.jsobject jdk.jstatd jdk.localedata jdk.management.jfr jdk.naming.dns jdk.naming.rmi jdk.net jdk.nio.mapmode jdk.sctp jdk.security.auth jdk.security.jgss jdk.unsupported jdk.unsupported.desktop jdk.xml.dom" 
OS_ARCH="x86_64" 
OS_NAME="Windows" 
SOURCE=".:git:7b4fc1077dc7 open:git:cf56d410b63b" 

Environment Variables:
JAVA_HOME=C:\Program Files\JDK\jdk-25
PATH=C:\Program Files\Common Files\Oracle\Java\javapath;C:\Windows\system32;C:\Windows;C:\Windows\System32\Wbem;C:\Windows\System32\WindowsPowerShell\v1.0\;C:\Windows\System32\OpenSSH\;C:\Program Files\dotnet\;C:\Program Files\JDK\jdk-25\bin;C:\Program Files\Library\apache-maven\bin;C:\Program Files\Git\cmd;C:\Users\Israel\AppData\Local\Microsoft\WindowsApps;C:\Program Files\JetBrains\IntelliJ IDEA 2026.2.0.1\bin
USERNAME=israe
OS=Windows_NT
PROCESSOR_IDENTIFIER=Intel64 Family 6 Model 142 Stepping 9, GenuineIntel
TMP=C:\Users\Israel\AppData\Local\Temp
TEMP=C:\Users\Israel\AppData\Local\Temp




Compilation memory statistics disabled.

Periodic native trim disabled

---------------  S Y S T E M  ---------------

OS:
 Windows 10 , 64 bit Build 19041 (10.0.19041.7663)
OS uptime: 9 days 5:40 hours

CPU: total 4 (initial active 4) (2 cores per cpu, 2 threads per core) family 6 model 142 stepping 9 microcode 0xb4, cx8, cmov, fxsr, ht, mmx, 3dnowpref, sse, sse2, sse3, ssse3, sse4.1, sse4.2, popcnt, lzcnt, tsc, tscinvbit, avx, avx2, aes, erms, clmul, bmi1, bmi2, adx, fma, vzeroupper, clflush, clflushopt, rdtscp, f16c
Processor Information for the first 4 processors :
  Max Mhz: 2901, Current Mhz: 2901, Mhz Limit: 2901

Memory: 4k page, system-wide physical 10882M (1055M free)
TotalPageFile size 12930M (AvailPageFile size 6M)
current process WorkingSet (physical memory assigned to process): 106M, peak: 106M
current process commit charge ("private bytes"): 280M, peak: 280M

vm_info: Java HotSpot(TM) 64-Bit Server VM (25.0.4+7-LTS-189) for windows-amd64 JRE (25.0.4+7-LTS-189), built on 2026-06-03T06:49:25Z with MS VC++ 17.13 (VS2022)

END.
