#
# There is insufficient memory for the Java Runtime Environment to continue.
# Native memory allocation (malloc) failed to allocate 1200600 bytes. Error detail: Chunk::new
# Possible reasons:
#   The system is out of physical RAM or swap space
#   This process is running with CompressedOops enabled, and the Java Heap may be blocking the growth of the native heap
# Possible solutions:
#   Reduce memory load on the system
#   Increase physical memory or swap space
#   Check if swap backing store is full
#   Decrease Java heap size (-Xmx/-Xms)
#   Decrease number of Java threads
#   Decrease Java thread stack sizes (-Xss)
#   Set larger code cache with -XX:ReservedCodeCacheSize=
#   JVM is running with Zero Based Compressed Oops mode in which the Java heap is
#     placed in the first 32GB address space. The Java Heap base address is the
#     maximum limit for the native heap growth. Please use -XX:HeapBaseMinAddress
#     to set the Java Heap base and to place the Java Heap above 32GB virtual address.
# This output file may be truncated or incomplete.
#
#  Out of Memory Error (arena.cpp:186), pid=5372, tid=7016
#
# JRE version: Java(TM) SE Runtime Environment (25.0.4+7) (build 25.0.4+7-LTS-189)
# Java VM: Java HotSpot(TM) 64-Bit Server VM (25.0.4+7-LTS-189, mixed mode, sharing, tiered, compressed oops, compressed class ptrs, g1 gc, windows-amd64)
# No core dump will be written. Minidumps are not enabled by default on client versions of Windows
#

---------------  S U M M A R Y ------------

Command Line: -javaagent:C:\Users\Israel\AppData\Local\JetBrains\IntelliJIdea2026.2\captureAgent\debugger-agent.jar=file:///C:/Users/Israel/AppData/Local/Temp/capture3499035059192968136.props -ea -Didea.test.cyclic.buffer.size=1048576 -javaagent:C:\Program Files\JetBrains\IntelliJ IDEA 2026.2.0.1\lib\idea_rt.jar=54533 -Dkotlinx.coroutines.debug.enable.creation.stack.trace=false -Ddebugger.agent.enable.coroutines=true -Dkotlinx.coroutines.debug.enable.flows.stack.trace=true -Dkotlinx.coroutines.debug.enable.mutable.state.flows.stack.trace=true -Ddebugger.async.stack.trace.for.all.threads=true -Ddebugger.agent.enable.log.capture=true -Dfile.encoding=UTF-8 -Dsun.stdout.encoding=UTF-8 -Dsun.stderr.encoding=UTF-8 com.intellij.rt.junit.JUnitStarter -ideVersion5 -junit5 app.vercel.northwind.login.LoginTest

Host: Intel(R) Core(TM) i7-7500U CPU @ 2.70GHz, 4 cores, 10G,  Windows 10 , 64 bit Build 19041 (10.0.19041.5915)
Time: Thu Aug 13 16:27:47 2026 Hora oficial do Brasil elapsed time: 5.271954 seconds (0d 0h 0m 5s)

---------------  T H R E A D  ---------------

Current thread (0x0000019e36249cd0):  JavaThread "C2 CompilerThread0" daemon [_thread_in_native, id=7016, stack(0x0000007b14e00000,0x0000007b14f00000) (1024K)]


Current CompileTask:
C2:5272 2437       4       java.lang.Class::getPackageName (81 bytes)

Stack: [0x0000007b14e00000,0x0000007b14f00000]
Native frames: (J=compiled Java code, j=interpreted, Vv=VM code, C=native code)
V  [jvm.dll+0x7a8819]  (no source info available)
V  [jvm.dll+0x7743dd]  (no source info available)
V  [jvm.dll+0x967693]  (no source info available)
V  [jvm.dll+0x969c91]  (no source info available)
V  [jvm.dll+0x96a3a3]  (no source info available)
V  [jvm.dll+0x2fd0b6]  (no source info available)
V  [jvm.dll+0x1121e6]  (no source info available)
V  [jvm.dll+0x11250e]  (no source info available)
V  [jvm.dll+0x1a0f42]  (no source info available)
V  [jvm.dll+0x3b5eb2]  (no source info available)
V  [jvm.dll+0x7ae1af]  (no source info available)
V  [jvm.dll+0x2c1287]  (no source info available)
V  [jvm.dll+0x2c024f]  (no source info available)
V  [jvm.dll+0x238070]  (no source info available)
V  [jvm.dll+0x2d0376]  (no source info available)
V  [jvm.dll+0x2ce5f5]  (no source info available)
V  [jvm.dll+0x48f6b1]  (no source info available)
V  [jvm.dll+0x90877d]  (no source info available)
V  [jvm.dll+0x7a6dc5]  (no source info available)
C  [ucrtbase.dll+0x21bb2]  (no source info available)
C  [KERNEL32.DLL+0x17374]  (no source info available)
C  [ntdll.dll+0x4cc91]  (no source info available)

Lock stack of current Java thread (top to bottom):


---------------  P R O C E S S  ---------------

Threads class SMR info:
_java_thread_list=0x0000019e3beb1210, length=31, elements={
0x0000019e18edc5a0, 0x0000019e18f9df10, 0x0000019e3622dfb0, 0x0000019e36232d90,
0x0000019e36235970, 0x0000019e36238ce0, 0x0000019e3623c870, 0x0000019e36249cd0,
0x0000019e3624b140, 0x0000019e364a6e50, 0x0000019e364a6680, 0x0000019e364a7df0,
0x0000019e365c5af0, 0x0000019e365cb8b0, 0x0000019e3b4a2a50, 0x0000019e3b4a68d0,
0x0000019e3b4a8810, 0x0000019e3bccd5e0, 0x0000019e3bccddb0, 0x0000019e3bcca700,
0x0000019e3bccfcf0, 0x0000019e3bccaed0, 0x0000019e3bcc9f30, 0x0000019e3b4a5160,
0x0000019e3c4f2870, 0x0000019e3c4f3040, 0x0000019e3c4f6ec0, 0x0000019e3c4f5750,
0x0000019e3c4f8630, 0x0000019e3c5547a0, 0x0000019e3c553fd0
}

Java Threads: ( => current thread )
  0x0000019e18edc5a0 JavaThread "Forwarding findElement on session 9b135503c39958ad38c558379da3327a to remote"        [_thread_blocked, id=16800, stack(0x0000007b14000000,0x0000007b14100000) (1024K)]
  0x0000019e18f9df10 JavaThread "Reference Handler"          daemon [_thread_blocked, id=16072, stack(0x0000007b14800000,0x0000007b14900000) (1024K)]
  0x0000019e3622dfb0 JavaThread "Finalizer"                  daemon [_thread_blocked, id=2080, stack(0x0000007b14900000,0x0000007b14a00000) (1024K)]
  0x0000019e36232d90 JavaThread "Signal Dispatcher"          daemon [_thread_blocked, id=15424, stack(0x0000007b14a00000,0x0000007b14b00000) (1024K)]
  0x0000019e36235970 JavaThread "Attach Listener"            daemon [_thread_blocked, id=3248, stack(0x0000007b14b00000,0x0000007b14c00000) (1024K)]
  0x0000019e36238ce0 JavaThread "Service Thread"             daemon [_thread_blocked, id=10096, stack(0x0000007b14c00000,0x0000007b14d00000) (1024K)]
  0x0000019e3623c870 JavaThread "Monitor Deflation Thread"   daemon [_thread_blocked, id=8528, stack(0x0000007b14d00000,0x0000007b14e00000) (1024K)]
=>0x0000019e36249cd0 JavaThread "C2 CompilerThread0"         daemon [_thread_in_native, id=7016, stack(0x0000007b14e00000,0x0000007b14f00000) (1024K)]
  0x0000019e3624b140 JavaThread "C1 CompilerThread0"         daemon [_thread_blocked, id=12900, stack(0x0000007b14f00000,0x0000007b15000000) (1024K)]
  0x0000019e364a6e50 JavaThread "Common-Cleaner"             daemon [_thread_blocked, id=12876, stack(0x0000007b15000000,0x0000007b15100000) (1024K)]
  0x0000019e364a6680 JavaThread "IntelliJ Debugger Overhead Detector Coarse Timer" daemon [_thread_blocked, id=9940, stack(0x0000007b15100000,0x0000007b15200000) (1024K)]
  0x0000019e364a7df0 JavaThread "IntelliJ Debugger Helper Thread" daemon [_thread_blocked, id=13552, stack(0x0000007b15200000,0x0000007b15300000) (1024K)]
  0x0000019e365c5af0 JavaThread "Monitor Ctrl-Break"         daemon [_thread_in_native, id=2916, stack(0x0000007b15300000,0x0000007b15400000) (1024K)]
  0x0000019e365cb8b0 JavaThread "Notification Thread"        daemon [_thread_blocked, id=972, stack(0x0000007b15400000,0x0000007b15500000) (1024K)]
  0x0000019e3b4a2a50 JavaThread "ForkJoinPool.commonPool-worker-1" daemon [_thread_blocked, id=7488, stack(0x0000007b15900000,0x0000007b15a00000) (1024K)]
  0x0000019e3b4a68d0 JavaThread "HttpClient-1-SelectorManager" daemon [_thread_in_native, id=9608, stack(0x0000007b15a00000,0x0000007b15b00000) (1024K)]
  0x0000019e3b4a8810 JavaThread "External Process Output Forwarder - C:\Users\Israel\.cache\selenium\chromedriver\win64\151.0.7922.138\chromedriver.exe" daemon [_thread_in_native, id=7996, stack(0x0000007b15b00000,0x0000007b15c00000) (1024K)]
  0x0000019e3bccd5e0 JavaThread "Driver Service Executor"    daemon [_thread_blocked, id=5100, stack(0x0000007b15c00000,0x0000007b15d00000) (1024K)]
  0x0000019e3bccddb0 JavaThread "Driver Service Executor"    daemon [_thread_in_native, id=17332, stack(0x0000007b15d00000,0x0000007b15e00000) (1024K)]
  0x0000019e3bcca700 JavaThread "UrlChecker-2"               daemon [_thread_blocked, id=16392, stack(0x0000007b15e00000,0x0000007b15f00000) (1024K)]
  0x0000019e3bccfcf0 JavaThread "Keep-Alive-Timer"           daemon [_thread_blocked, id=16704, stack(0x0000007b16000000,0x0000007b16100000) (1024K)]
  0x0000019e3bccaed0 JavaThread "JdkHttpClient-0-0"          daemon [_thread_blocked, id=11412, stack(0x0000007b15800000,0x0000007b15900000) (1024K)]
  0x0000019e3bcc9f30 JavaThread "ForkJoinPool.commonPool-delayScheduler" daemon [_thread_blocked, id=9060, stack(0x0000007b16100000,0x0000007b16200000) (1024K)]
  0x0000019e3b4a5160 JavaThread "JdkHttpClient-0-1"          daemon [_thread_blocked, id=17312, stack(0x0000007b16200000,0x0000007b16300000) (1024K)]
  0x0000019e3c4f2870 JavaThread "JdkHttpClient-0-2"          daemon [_thread_blocked, id=12600, stack(0x0000007b16300000,0x0000007b16400000) (1024K)]
  0x0000019e3c4f3040 JavaThread "JdkHttpClient-0-3"          daemon [_thread_blocked, id=1304, stack(0x0000007b16400000,0x0000007b16500000) (1024K)]
  0x0000019e3c4f6ec0 JavaThread "HttpClient-2-SelectorManager" daemon [_thread_in_native, id=13188, stack(0x0000007b16600000,0x0000007b16700000) (1024K)]
  0x0000019e3c4f5750 JavaThread "JdkHttpClient-1-0"          daemon [_thread_blocked, id=13704, stack(0x0000007b16700000,0x0000007b16800000) (1024K)]
  0x0000019e3c4f8630 JavaThread "JdkHttpClient-1-1"          daemon [_thread_blocked, id=10772, stack(0x0000007b16800000,0x0000007b16900000) (1024K)]
  0x0000019e3c5547a0 JavaThread "JdkHttpClient-1-2"          daemon [_thread_blocked, id=3300, stack(0x0000007b16900000,0x0000007b16a00000) (1024K)]
  0x0000019e3c553fd0 JavaThread "JdkHttpClient-1-3"          daemon [_thread_blocked, id=8852, stack(0x0000007b16a00000,0x0000007b16b00000) (1024K)]
Total: 31

Other Threads:
  0x0000019e18f8e3f0 VMThread "VM Thread"                           [id=14972, stack(0x0000007b14700000,0x0000007b14800000) (1024K)]
  0x0000019e18f83830 WatcherThread "VM Periodic Task Thread"        [id=5428, stack(0x0000007b14600000,0x0000007b14700000) (1024K)]
  0x0000019e18f30460 WorkerThread "GC Thread#0"                     [id=2448, stack(0x0000007b14100000,0x0000007b14200000) (1024K)]
  0x0000019e3b3028d0 WorkerThread "GC Thread#1"                     [id=10704, stack(0x0000007b15500000,0x0000007b15600000) (1024K)]
  0x0000019e3b303a10 WorkerThread "GC Thread#2"                     [id=3528, stack(0x0000007b15600000,0x0000007b15700000) (1024K)]
  0x0000019e3b305c90 WorkerThread "GC Thread#3"                     [id=5412, stack(0x0000007b15700000,0x0000007b15800000) (1024K)]
  0x0000019e18f41450 ConcurrentGCThread "G1 Main Marker"            [id=16008, stack(0x0000007b14200000,0x0000007b14300000) (1024K)]
  0x0000019e18f45410 WorkerThread "G1 Conc#0"                       [id=10956, stack(0x0000007b14300000,0x0000007b14400000) (1024K)]
  0x0000019e18f70780 ConcurrentGCThread "G1 Refine#0"               [id=11948, stack(0x0000007b14400000,0x0000007b14500000) (1024K)]
  0x0000019e18f71390 ConcurrentGCThread "G1 Service"                [id=4996, stack(0x0000007b14500000,0x0000007b14600000) (1024K)]
Total: 10

Threads with active compile tasks:
C2 CompilerThread0  5385 2437       4       java.lang.Class::getPackageName (81 bytes)
Total: 1

VM state: not at safepoint (normal execution)

VM Mutex/Monitor currently owned by a thread: None

Heap address: 0x0000000755e00000, size: 2722 MB, Compressed Oops mode: Zero based, Oop shift amount: 3

CDS archive(s) mapped at: [0x0000000009000000-0x0000000009dd0000-0x0000000009dd0000), size 14483456, SharedBaseAddress: 0x0000000009000000, ArchiveRelocationMode: 1.
Compressed class space mapped at: 0x000000000a000000-0x000000004a000000, reserved size: 1073741824
UseCompressedClassPointers 1, UseCompactObjectHeaders 0
Narrow klass pointer bits 32, Max shift 3
Narrow klass base: 0x0000000009000000, Narrow klass shift: 0
Encoding Range: [0x0000000009000000 - 0x0000000109000000), (4294967296 bytes)
Klass Range:    [0x0000000009010000 - 0x000000004a000000), (1090453504 bytes)
Klass ID Range:  [65536 - 1090519033) (1090453497)
Protection zone: [0x0000000009000000 - 0x0000000009010000), (65536 bytes)

GC Precious Log:
 CardTable entry size: 512
 Card Set container configuration: InlinePtr #cards 4 size 8 Array Of Cards #cards 16 size 48 Howl #buckets 8 coarsen threshold 3686 Howl Bitmap #cards 512 size 80 coarsen threshold 460 Card regions per heap region 1 cards per card region 4096
 CPUs: 4 total, 4 available
 Memory: 10882M
 Large Page Support: Disabled
 NUMA Support: Disabled
 Compressed Oops: Enabled (Zero based)
 Heap Region Size: 2M
 Heap Min Capacity: 8M
 Heap Initial Capacity: 172M
 Heap Max Capacity: 2722M
 Pre-touch: Disabled
 Parallel Workers: 4
 Concurrent Workers: 1
 Concurrent Refinement Workers: 4
 Periodic GC: Disabled

Heap:
 garbage-first heap   total reserved 2787328K, committed 178176K, used 52610K [0x0000000755e00000, 0x0000000800000000)
  region size 2048K, 27 young (55296K), 2 survivors (4096K)

Heap Regions: E=young(eden), S=young(survivor), O=old, HS=humongous(starts), HC=humongous(continues), CS=collection set, F=free, TAMS=top-at-mark-start, PB=parsable bottom
|   0|0x0000000755e00000, 0x0000000755e3b010, 0x0000000756000000| 11%| O|  |TAMS 0x0000000755e00000| PB 0x0000000755e00000| Untracked |  0
|   1|0x0000000756000000, 0x0000000756000000, 0x0000000756200000|  0%| F|  |TAMS 0x0000000756000000| PB 0x0000000756000000| Untracked |  0
|   2|0x0000000756200000, 0x0000000756200000, 0x0000000756400000|  0%| F|  |TAMS 0x0000000756200000| PB 0x0000000756200000| Untracked |  0
|   3|0x0000000756400000, 0x0000000756400000, 0x0000000756600000|  0%| F|  |TAMS 0x0000000756400000| PB 0x0000000756400000| Untracked |  0
|   4|0x0000000756600000, 0x0000000756600000, 0x0000000756800000|  0%| F|  |TAMS 0x0000000756600000| PB 0x0000000756600000| Untracked |  0
|   5|0x0000000756800000, 0x0000000756800000, 0x0000000756a00000|  0%| F|  |TAMS 0x0000000756800000| PB 0x0000000756800000| Untracked |  0
|   6|0x0000000756a00000, 0x0000000756a00000, 0x0000000756c00000|  0%| F|  |TAMS 0x0000000756a00000| PB 0x0000000756a00000| Untracked |  0
|   7|0x0000000756c00000, 0x0000000756c00000, 0x0000000756e00000|  0%| F|  |TAMS 0x0000000756c00000| PB 0x0000000756c00000| Untracked |  0
|   8|0x0000000756e00000, 0x0000000756e00000, 0x0000000757000000|  0%| F|  |TAMS 0x0000000756e00000| PB 0x0000000756e00000| Untracked |  0
|   9|0x0000000757000000, 0x0000000757000000, 0x0000000757200000|  0%| F|  |TAMS 0x0000000757000000| PB 0x0000000757000000| Untracked |  0
|  10|0x0000000757200000, 0x0000000757200000, 0x0000000757400000|  0%| F|  |TAMS 0x0000000757200000| PB 0x0000000757200000| Untracked |  0
|  11|0x0000000757400000, 0x0000000757400000, 0x0000000757600000|  0%| F|  |TAMS 0x0000000757400000| PB 0x0000000757400000| Untracked |  0
|  12|0x0000000757600000, 0x0000000757600000, 0x0000000757800000|  0%| F|  |TAMS 0x0000000757600000| PB 0x0000000757600000| Untracked |  0
|  13|0x0000000757800000, 0x0000000757800000, 0x0000000757a00000|  0%| F|  |TAMS 0x0000000757800000| PB 0x0000000757800000| Untracked |  0
|  14|0x0000000757a00000, 0x0000000757a00000, 0x0000000757c00000|  0%| F|  |TAMS 0x0000000757a00000| PB 0x0000000757a00000| Untracked |  0
|  15|0x0000000757c00000, 0x0000000757c00000, 0x0000000757e00000|  0%| F|  |TAMS 0x0000000757c00000| PB 0x0000000757c00000| Untracked |  0
|  16|0x0000000757e00000, 0x0000000757e00000, 0x0000000758000000|  0%| F|  |TAMS 0x0000000757e00000| PB 0x0000000757e00000| Untracked |  0
|  17|0x0000000758000000, 0x0000000758000000, 0x0000000758200000|  0%| F|  |TAMS 0x0000000758000000| PB 0x0000000758000000| Untracked |  0
|  18|0x0000000758200000, 0x0000000758200000, 0x0000000758400000|  0%| F|  |TAMS 0x0000000758200000| PB 0x0000000758200000| Untracked |  0
|  19|0x0000000758400000, 0x0000000758400000, 0x0000000758600000|  0%| F|  |TAMS 0x0000000758400000| PB 0x0000000758400000| Untracked |  0
|  20|0x0000000758600000, 0x0000000758600000, 0x0000000758800000|  0%| F|  |TAMS 0x0000000758600000| PB 0x0000000758600000| Untracked |  0
|  21|0x0000000758800000, 0x0000000758800000, 0x0000000758a00000|  0%| F|  |TAMS 0x0000000758800000| PB 0x0000000758800000| Untracked |  0
|  22|0x0000000758a00000, 0x0000000758a00000, 0x0000000758c00000|  0%| F|  |TAMS 0x0000000758a00000| PB 0x0000000758a00000| Untracked |  0
|  23|0x0000000758c00000, 0x0000000758c00000, 0x0000000758e00000|  0%| F|  |TAMS 0x0000000758c00000| PB 0x0000000758c00000| Untracked |  0
|  24|0x0000000758e00000, 0x0000000758e00000, 0x0000000759000000|  0%| F|  |TAMS 0x0000000758e00000| PB 0x0000000758e00000| Untracked |  0
|  25|0x0000000759000000, 0x0000000759000000, 0x0000000759200000|  0%| F|  |TAMS 0x0000000759000000| PB 0x0000000759000000| Untracked |  0
|  26|0x0000000759200000, 0x0000000759200000, 0x0000000759400000|  0%| F|  |TAMS 0x0000000759200000| PB 0x0000000759200000| Untracked |  0
|  27|0x0000000759400000, 0x0000000759400000, 0x0000000759600000|  0%| F|  |TAMS 0x0000000759400000| PB 0x0000000759400000| Untracked |  0
|  28|0x0000000759600000, 0x0000000759600000, 0x0000000759800000|  0%| F|  |TAMS 0x0000000759600000| PB 0x0000000759600000| Untracked |  0
|  29|0x0000000759800000, 0x0000000759800000, 0x0000000759a00000|  0%| F|  |TAMS 0x0000000759800000| PB 0x0000000759800000| Untracked |  0
|  30|0x0000000759a00000, 0x0000000759a00000, 0x0000000759c00000|  0%| F|  |TAMS 0x0000000759a00000| PB 0x0000000759a00000| Untracked |  0
|  31|0x0000000759c00000, 0x0000000759c00000, 0x0000000759e00000|  0%| F|  |TAMS 0x0000000759c00000| PB 0x0000000759c00000| Untracked |  0
|  32|0x0000000759e00000, 0x0000000759e00000, 0x000000075a000000|  0%| F|  |TAMS 0x0000000759e00000| PB 0x0000000759e00000| Untracked |  0
|  33|0x000000075a000000, 0x000000075a000000, 0x000000075a200000|  0%| F|  |TAMS 0x000000075a000000| PB 0x000000075a000000| Untracked |  0
|  34|0x000000075a200000, 0x000000075a200000, 0x000000075a400000|  0%| F|  |TAMS 0x000000075a200000| PB 0x000000075a200000| Untracked |  0
|  35|0x000000075a400000, 0x000000075a400000, 0x000000075a600000|  0%| F|  |TAMS 0x000000075a400000| PB 0x000000075a400000| Untracked |  0
|  36|0x000000075a600000, 0x000000075a600000, 0x000000075a800000|  0%| F|  |TAMS 0x000000075a600000| PB 0x000000075a600000| Untracked |  0
|  37|0x000000075a800000, 0x000000075a800000, 0x000000075aa00000|  0%| F|  |TAMS 0x000000075a800000| PB 0x000000075a800000| Untracked |  0
|  38|0x000000075aa00000, 0x000000075aa00000, 0x000000075ac00000|  0%| F|  |TAMS 0x000000075aa00000| PB 0x000000075aa00000| Untracked |  0
|  39|0x000000075ac00000, 0x000000075ac00000, 0x000000075ae00000|  0%| F|  |TAMS 0x000000075ac00000| PB 0x000000075ac00000| Untracked |  0
|  40|0x000000075ae00000, 0x000000075ae00000, 0x000000075b000000|  0%| F|  |TAMS 0x000000075ae00000| PB 0x000000075ae00000| Untracked |  0
|  41|0x000000075b000000, 0x000000075b000000, 0x000000075b200000|  0%| F|  |TAMS 0x000000075b000000| PB 0x000000075b000000| Untracked |  0
|  42|0x000000075b200000, 0x000000075b200000, 0x000000075b400000|  0%| F|  |TAMS 0x000000075b200000| PB 0x000000075b200000| Untracked |  0
|  43|0x000000075b400000, 0x000000075b400000, 0x000000075b600000|  0%| F|  |TAMS 0x000000075b400000| PB 0x000000075b400000| Untracked |  0
|  44|0x000000075b600000, 0x000000075b600000, 0x000000075b800000|  0%| F|  |TAMS 0x000000075b600000| PB 0x000000075b600000| Untracked |  0
|  45|0x000000075b800000, 0x000000075b800000, 0x000000075ba00000|  0%| F|  |TAMS 0x000000075b800000| PB 0x000000075b800000| Untracked |  0
|  46|0x000000075ba00000, 0x000000075ba00000, 0x000000075bc00000|  0%| F|  |TAMS 0x000000075ba00000| PB 0x000000075ba00000| Untracked |  0
|  47|0x000000075bc00000, 0x000000075bc00000, 0x000000075be00000|  0%| F|  |TAMS 0x000000075bc00000| PB 0x000000075bc00000| Untracked |  0
|  48|0x000000075be00000, 0x000000075be00000, 0x000000075c000000|  0%| F|  |TAMS 0x000000075be00000| PB 0x000000075be00000| Untracked |  0
|  49|0x000000075c000000, 0x000000075c000000, 0x000000075c200000|  0%| F|  |TAMS 0x000000075c000000| PB 0x000000075c000000| Untracked |  0
|  50|0x000000075c200000, 0x000000075c200000, 0x000000075c400000|  0%| F|  |TAMS 0x000000075c200000| PB 0x000000075c200000| Untracked |  0
|  51|0x000000075c400000, 0x000000075c400000, 0x000000075c600000|  0%| F|  |TAMS 0x000000075c400000| PB 0x000000075c400000| Untracked |  0
|  52|0x000000075c600000, 0x000000075c600000, 0x000000075c800000|  0%| F|  |TAMS 0x000000075c600000| PB 0x000000075c600000| Untracked |  0
|  53|0x000000075c800000, 0x000000075c800000, 0x000000075ca00000|  0%| F|  |TAMS 0x000000075c800000| PB 0x000000075c800000| Untracked |  0
|  54|0x000000075ca00000, 0x000000075ca00000, 0x000000075cc00000|  0%| F|  |TAMS 0x000000075ca00000| PB 0x000000075ca00000| Untracked |  0
|  55|0x000000075cc00000, 0x000000075cc00000, 0x000000075ce00000|  0%| F|  |TAMS 0x000000075cc00000| PB 0x000000075cc00000| Untracked |  0
|  56|0x000000075ce00000, 0x000000075ce00000, 0x000000075d000000|  0%| F|  |TAMS 0x000000075ce00000| PB 0x000000075ce00000| Untracked |  0
|  57|0x000000075d000000, 0x000000075d000000, 0x000000075d200000|  0%| F|  |TAMS 0x000000075d000000| PB 0x000000075d000000| Untracked |  0
|  58|0x000000075d200000, 0x000000075d200000, 0x000000075d400000|  0%| F|  |TAMS 0x000000075d200000| PB 0x000000075d200000| Untracked |  0
|  59|0x000000075d400000, 0x000000075d5ba528, 0x000000075d600000| 86%| E|  |TAMS 0x000000075d400000| PB 0x000000075d400000| Complete |  0
|  60|0x000000075d600000, 0x000000075d800000, 0x000000075d800000|100%| E|CS|TAMS 0x000000075d600000| PB 0x000000075d600000| Complete |  0
|  61|0x000000075d800000, 0x000000075da00000, 0x000000075da00000|100%| E|CS|TAMS 0x000000075d800000| PB 0x000000075d800000| Complete |  0
|  62|0x000000075da00000, 0x000000075dc00000, 0x000000075dc00000|100%| E|CS|TAMS 0x000000075da00000| PB 0x000000075da00000| Complete |  0
|  63|0x000000075dc00000, 0x000000075de00000, 0x000000075de00000|100%| E|CS|TAMS 0x000000075dc00000| PB 0x000000075dc00000| Complete |  0
|  64|0x000000075de00000, 0x000000075e000000, 0x000000075e000000|100%| E|CS|TAMS 0x000000075de00000| PB 0x000000075de00000| Complete |  0
|  65|0x000000075e000000, 0x000000075e200000, 0x000000075e200000|100%| E|CS|TAMS 0x000000075e000000| PB 0x000000075e000000| Complete |  0
|  66|0x000000075e200000, 0x000000075e400000, 0x000000075e400000|100%| E|CS|TAMS 0x000000075e200000| PB 0x000000075e200000| Complete |  0
|  67|0x000000075e400000, 0x000000075e600000, 0x000000075e600000|100%| E|CS|TAMS 0x000000075e400000| PB 0x000000075e400000| Complete |  0
|  68|0x000000075e600000, 0x000000075e800000, 0x000000075e800000|100%| E|CS|TAMS 0x000000075e600000| PB 0x000000075e600000| Complete |  0
|  69|0x000000075e800000, 0x000000075ea00000, 0x000000075ea00000|100%| E|CS|TAMS 0x000000075e800000| PB 0x000000075e800000| Complete |  0
|  70|0x000000075ea00000, 0x000000075ec00000, 0x000000075ec00000|100%| S|CS|TAMS 0x000000075ea00000| PB 0x000000075ea00000| Complete |  0
|  71|0x000000075ec00000, 0x000000075ee00000, 0x000000075ee00000|100%| S|CS|TAMS 0x000000075ec00000| PB 0x000000075ec00000| Complete |  0
|  72|0x000000075ee00000, 0x000000075f000000, 0x000000075f000000|100%| E|CS|TAMS 0x000000075ee00000| PB 0x000000075ee00000| Complete |  0
|  73|0x000000075f000000, 0x000000075f200000, 0x000000075f200000|100%| E|CS|TAMS 0x000000075f000000| PB 0x000000075f000000| Complete |  0
|  74|0x000000075f200000, 0x000000075f400000, 0x000000075f400000|100%| E|CS|TAMS 0x000000075f200000| PB 0x000000075f200000| Complete |  0
|  75|0x000000075f400000, 0x000000075f600000, 0x000000075f600000|100%| E|CS|TAMS 0x000000075f400000| PB 0x000000075f400000| Complete |  0
|  76|0x000000075f600000, 0x000000075f800000, 0x000000075f800000|100%| E|  |TAMS 0x000000075f600000| PB 0x000000075f600000| Complete |  0
|  77|0x000000075f800000, 0x000000075fa00000, 0x000000075fa00000|100%| E|CS|TAMS 0x000000075f800000| PB 0x000000075f800000| Complete |  0
|  78|0x000000075fa00000, 0x000000075fc00000, 0x000000075fc00000|100%| E|CS|TAMS 0x000000075fa00000| PB 0x000000075fa00000| Complete |  0
|  79|0x000000075fc00000, 0x000000075fe00000, 0x000000075fe00000|100%| E|CS|TAMS 0x000000075fc00000| PB 0x000000075fc00000| Complete |  0
|  80|0x000000075fe00000, 0x0000000760000000, 0x0000000760000000|100%| E|CS|TAMS 0x000000075fe00000| PB 0x000000075fe00000| Complete |  0
|  81|0x0000000760000000, 0x0000000760200000, 0x0000000760200000|100%| E|CS|TAMS 0x0000000760000000| PB 0x0000000760000000| Complete |  0
|  82|0x0000000760200000, 0x0000000760400000, 0x0000000760400000|100%| E|CS|TAMS 0x0000000760200000| PB 0x0000000760200000| Complete |  0
|  83|0x0000000760400000, 0x0000000760600000, 0x0000000760600000|100%| E|CS|TAMS 0x0000000760400000| PB 0x0000000760400000| Complete |  0
|  84|0x0000000760600000, 0x0000000760800000, 0x0000000760800000|100%| E|CS|TAMS 0x0000000760600000| PB 0x0000000760600000| Complete |  0
|  85|0x0000000760800000, 0x0000000760a00000, 0x0000000760a00000|100%| E|CS|TAMS 0x0000000760800000| PB 0x0000000760800000| Complete |  0
|1360|0x00000007ffe00000, 0x00000007fff258c0, 0x0000000800000000| 57%| O|  |TAMS 0x00000007ffe00000| PB 0x00000007ffe00000| Untracked |  0

Card table byte_map: [0x0000019e30ce0000,0x0000019e31240000] _byte_map_base: 0x0000019e2d231000

Marking Bits: (CMBitMap*) 0x0000019e18f30bf0
 Bits: [0x0000019e31240000, 0x0000019e33cc8000)

Polling page: 0x0000019e16cc0000

Metaspace:
Metaspace        used 20990K, committed 21248K, reserved 1114112K
 class space     used 2654K, committed 2752K, reserved 1048576K

Usage:
  Non-class:     17.91 MB used.
      Class:      2.59 MB used.
       Both:     20.50 MB used.

Virtual space:
  Non-class space:       64.00 MB reserved,      18.06 MB ( 28%) committed,  1 nodes.
      Class space:        1.00 GB reserved,       2.69 MB ( <1%) committed,  1 nodes.
             Both:        1.06 GB reserved,      20.75 MB (  2%) committed. 

Chunk freelists:
   Non-Class:  13.11 MB
       Class:  13.27 MB
        Both:  26.38 MB

MaxMetaspaceSize: unlimited
CompressedClassSpaceSize: 1.00 GB
Initial GC threshold: 21.00 MB
Current GC threshold: 21.00 MB
CDS: on
 - commit_granule_bytes: 65536.
 - commit_granule_words: 8192.
 - virtual_space_node_default_size: 8388608.
 - enlarge_chunks_in_place: 1.
UseCompressedClassPointers 1, UseCompactObjectHeaders 0
Narrow klass pointer bits 32, Max shift 3
Narrow klass base: 0x0000000009000000, Narrow klass shift: 0
Encoding Range: [0x0000000009000000 - 0x0000000109000000), (4294967296 bytes)
Klass Range:    [0x0000000009010000 - 0x000000004a000000), (1090453504 bytes)
Klass ID Range:  [65536 - 1090519033) (1090453497)
Protection zone: [0x0000000009000000 - 0x0000000009010000), (65536 bytes)


Internal statistics:

num_allocs_failed_limit: 0.
num_arena_births: 208.
num_arena_deaths: 0.
num_vsnodes_births: 2.
num_vsnodes_deaths: 0.
num_space_committed: 332.
num_space_uncommitted: 0.
num_chunks_returned_to_freelist: 0.
num_chunks_taken_from_freelist: 620.
num_chunk_merges: 0.
num_chunk_splits: 363.
num_chunks_enlarged: 249.
num_inconsistent_stats: 0.

CodeHeap 'non-profiled nmethods': size=120064Kb used=766Kb max_used=766Kb free=119297Kb
 bounds [0x0000019e29240000, 0x0000019e294b0000, 0x0000019e30780000]
CodeHeap 'profiled nmethods': size=120000Kb used=3798Kb max_used=3798Kb free=116201Kb
 bounds [0x0000019e21780000, 0x0000019e21b40000, 0x0000019e28cb0000]
CodeHeap 'non-nmethods': size=5696Kb used=1472Kb max_used=1523Kb free=4223Kb
 bounds [0x0000019e28cb0000, 0x0000019e28f20000, 0x0000019e29240000]
CodeCache: size=245760Kb, used=6036Kb, max_used=6087Kb, free=239721Kb
 total_blobs=3030, nmethods=2437, adapters=495, full_count=0
Compilation: enabled, stopped_count=0, restarted_count=0

Compilation events (20 events):
Event: 5.192 Thread 0x0000019e3624b140 nmethod 2429 0x0000019e21b33388 code [0x0000019e21b33480, 0x0000019e21b33640]
Event: 5.192 Thread 0x0000019e3624b140 2430       3       java.util.LinkedList::linkLast (59 bytes)
Event: 5.192 Thread 0x0000019e3624b140 nmethod 2430 0x0000019e21b33688 code [0x0000019e21b33780, 0x0000019e21b33bf0]
Event: 5.192 Thread 0x0000019e3624b140 2431       3       java.util.LinkedList$Node::<init> (20 bytes)
Event: 5.192 Thread 0x0000019e3624b140 nmethod 2431 0x0000019e21b33c08 code [0x0000019e21b33d00, 0x0000019e21b33f90]
Event: 5.192 Thread 0x0000019e3624b140 2432       3       jdk.internal.net.http.common.MinimalFuture::<init> (20 bytes)
Event: 5.192 Thread 0x0000019e3624b140 nmethod 2432 0x0000019e21b34008 code [0x0000019e21b34100, 0x0000019e21b343f8]
Event: 5.192 Thread 0x0000019e3624b140 2433       3       java.util.LinkedList::pollLast (19 bytes)
Event: 5.193 Thread 0x0000019e3624b140 nmethod 2433 0x0000019e21b34408 code [0x0000019e21b34500, 0x0000019e21b34690]
Event: 5.193 Thread 0x0000019e3624b140 2434       3       java.util.LinkedList::unlinkLast (64 bytes)
Event: 5.193 Thread 0x0000019e3624b140 nmethod 2434 0x0000019e21b34708 code [0x0000019e21b34800, 0x0000019e21b34ab0]
Event: 5.200 Thread 0x0000019e3624b140 2436       3       java.util.concurrent.TimeUnit::convert (73 bytes)
Event: 5.200 Thread 0x0000019e3624b140 nmethod 2436 0x0000019e21b34b08 code [0x0000019e21b34c00, 0x0000019e21b351e8]
Event: 5.218 Thread 0x0000019e3624b140 2438       3       jdk.internal.util.DecimalDigits::stringSize (47 bytes)
Event: 5.218 Thread 0x0000019e3624b140 nmethod 2438 0x0000019e21b35208 code [0x0000019e21b35300, 0x0000019e21b35530]
Event: 5.218 Thread 0x0000019e3624b140 2439       3       com.intellij.rt.debugger.agent.CaptureStorage$CapturedStack::<init> (5 bytes)
Event: 5.218 Thread 0x0000019e3624b140 nmethod 2439 0x0000019e21b35588 code [0x0000019e21b35680, 0x0000019e21b357e0]
Event: 5.218 Thread 0x0000019e3624b140 2441       1       java.lang.Thread::isInterrupted (5 bytes)
Event: 5.218 Thread 0x0000019e3624b140 nmethod 2441 0x0000019e292ff888 code [0x0000019e292ff980, 0x0000019e292ffa48]
Event: 5.218 Thread 0x0000019e36249cd0 2437       4       java.lang.Class::getPackageName (81 bytes)

GC Heap Usage History (2 events):
Event: 1.081 {heap Before GC invocations=0 (full 0):
 garbage-first heap   total reserved 2787328K, committed 178176K, used 27798K [0x0000000755e00000, 0x0000000800000000)
  region size 2048K, 14 young (28672K), 0 survivors (0K)
}
Event: 1.086 {heap After GC invocations=1 (full 0):
 garbage-first heap   total reserved 2787328K, committed 178176K, used 5506K [0x0000000755e00000, 0x0000000800000000)
  region size 2048K, 2 young (4096K), 2 survivors (4096K)
}

Metaspace Usage History (2 events):
Event: 1.081 {metaspace Before GC invocations=0 (full 0):
 Metaspace       used 8425K, committed 8640K, reserved 1114112K
  class space    used 1047K, committed 1152K, reserved 1048576K
}
Event: 1.086 {metaspace After GC invocations=1 (full 0):
 Metaspace       used 8425K, committed 8640K, reserved 1114112K
  class space    used 1047K, committed 1152K, reserved 1048576K
}

Dll operation events (10 events):
Event: 0.022 Loaded shared library C:\Program Files\JDK\jdk-25\bin\java.dll
Event: 0.026 Loaded shared library C:\Program Files\JDK\jdk-25\bin\zip.dll
Event: 0.194 Loaded shared library C:\Program Files\JDK\jdk-25\bin\instrument.dll
Event: 0.215 Loaded shared library C:\Program Files\JDK\jdk-25\bin\net.dll
Event: 0.217 Loaded shared library C:\Program Files\JDK\jdk-25\bin\nio.dll
Event: 0.234 Loaded shared library C:\Program Files\JDK\jdk-25\bin\zip.dll
Event: 0.254 Loaded shared library C:\Program Files\JDK\jdk-25\bin\verify.dll
Event: 0.423 Loaded shared library C:\Program Files\JDK\jdk-25\bin\extnet.dll
Event: 0.588 Loaded shared library C:\Program Files\JDK\jdk-25\bin\jimage.dll
Event: 2.005 Loaded shared library C:\Program Files\JDK\jdk-25\bin\sunmscapi.dll

Deoptimization events (20 events):
Event: 2.066 Thread 0x0000019e18edc5a0 Uncommon trap: trap_request=0xffffff45 fr.pc=0x0000019e292d1abc relative=0x00000000000000bc
Event: 2.066 Thread 0x0000019e18edc5a0 Uncommon trap: reason=unstable_if action=reinterpret pc=0x0000019e292d1abc method=jdk.internal.util.DecimalDigits.stringSize(I)I @ 19 c2
Event: 2.066 Thread 0x0000019e18edc5a0 DEOPT PACKING pc=0x0000019e292d1abc sp=0x0000007b140fbea0
Event: 2.066 Thread 0x0000019e18edc5a0 DEOPT UNPACKING pc=0x0000019e28dcf482 sp=0x0000007b140fbe18 mode 2
Event: 2.100 Thread 0x0000019e18edc5a0 Uncommon trap: trap_request=0xffffffde fr.pc=0x0000019e292a2e7c relative=0x00000000000002fc
Event: 2.100 Thread 0x0000019e18edc5a0 Uncommon trap: reason=class_check action=maybe_recompile pc=0x0000019e292a2e7c method=java.util.regex.Pattern$BmpCharPropertyGreedy.match(Ljava/util/regex/Matcher;ILjava/lang/CharSequence;)Z @ 26 c2
Event: 2.100 Thread 0x0000019e18edc5a0 DEOPT PACKING pc=0x0000019e292a2e7c sp=0x0000007b140fb7d0
Event: 2.100 Thread 0x0000019e18edc5a0 DEOPT UNPACKING pc=0x0000019e28dcf482 sp=0x0000007b140fb788 mode 2
Event: 2.100 Thread 0x0000019e18edc5a0 Uncommon trap: trap_request=0xffffffde fr.pc=0x0000019e292a2e7c relative=0x00000000000002fc
Event: 2.100 Thread 0x0000019e18edc5a0 Uncommon trap: reason=class_check action=maybe_recompile pc=0x0000019e292a2e7c method=java.util.regex.Pattern$BmpCharPropertyGreedy.match(Ljava/util/regex/Matcher;ILjava/lang/CharSequence;)Z @ 26 c2
Event: 2.100 Thread 0x0000019e18edc5a0 DEOPT PACKING pc=0x0000019e292a2e7c sp=0x0000007b140fb7d0
Event: 2.100 Thread 0x0000019e18edc5a0 DEOPT UNPACKING pc=0x0000019e28dcf482 sp=0x0000007b140fb788 mode 2
Event: 2.177 Thread 0x0000019e3bcca700 Uncommon trap: trap_request=0xffffffde fr.pc=0x0000019e292a2e7c relative=0x00000000000002fc
Event: 2.178 Thread 0x0000019e3bcca700 Uncommon trap: reason=class_check action=maybe_recompile pc=0x0000019e292a2e7c method=java.util.regex.Pattern$BmpCharPropertyGreedy.match(Ljava/util/regex/Matcher;ILjava/lang/CharSequence;)Z @ 26 c2
Event: 2.178 Thread 0x0000019e3bcca700 DEOPT PACKING pc=0x0000019e292a2e7c sp=0x0000007b15efe920
Event: 2.178 Thread 0x0000019e3bcca700 DEOPT UNPACKING pc=0x0000019e28dcf482 sp=0x0000007b15efe8b8 mode 2
Event: 4.568 Thread 0x0000019e18edc5a0 Uncommon trap: trap_request=0xffffff45 fr.pc=0x0000019e292bfef0 relative=0x0000000000000c70
Event: 4.568 Thread 0x0000019e18edc5a0 Uncommon trap: reason=unstable_if action=reinterpret pc=0x0000019e292bfef0 method=java.util.concurrent.ConcurrentHashMap.putVal(Ljava/lang/Object;Ljava/lang/Object;Z)Ljava/lang/Object; @ 231 c2
Event: 4.568 Thread 0x0000019e18edc5a0 DEOPT PACKING pc=0x0000019e292bfef0 sp=0x0000007b140fc470
Event: 4.568 Thread 0x0000019e18edc5a0 DEOPT UNPACKING pc=0x0000019e28dcf482 sp=0x0000007b140fc3d0 mode 2

Classes loaded (20 events):
Event: 5.198 Loading class org/junit/jupiter/api/extension/BeforeTestExecutionCallback
Event: 5.198 Loading class org/junit/jupiter/api/extension/BeforeTestExecutionCallback done
Event: 5.198 Loading class org/junit/jupiter/engine/descriptor/TestMethodTestDescriptor
Event: 5.198 Loading class org/junit/jupiter/engine/descriptor/TestMethodTestDescriptor done
Event: 5.198 Loading class org/junit/jupiter/api/extension/ExtensionContext
Event: 5.198 Loading class org/junit/jupiter/api/extension/ExtensionContext done
Event: 5.199 Loading class org/junit/jupiter/api/extension/TestInstances
Event: 5.199 Loading class org/junit/jupiter/api/extension/TestInstances done
Event: 5.199 Loading class org/junit/jupiter/engine/extension/TimeoutExtension$TimeoutProvider
Event: 5.199 Loading class org/junit/jupiter/engine/extension/TimeoutExtension$TimeoutProvider done
Event: 5.200 Loading class org/junit/jupiter/engine/execution/NamespaceAwareStore
Event: 5.200 Loading class org/junit/jupiter/engine/execution/NamespaceAwareStore done
Event: 5.201 Loading class org/junit/jupiter/engine/extension/TimeoutConfiguration
Event: 5.201 Loading class org/junit/jupiter/engine/extension/TimeoutConfiguration done
Event: 5.201 Loading class org/junit/jupiter/engine/extension/TimeoutConfiguration
Event: 5.201 Loading class org/junit/jupiter/engine/extension/TimeoutConfiguration done
Event: 5.202 Loading class org/openqa/selenium/remote/CommandPayload
Event: 5.202 Loading class org/openqa/selenium/remote/CommandPayload done
Event: 5.202 Loading class org/openqa/selenium/remote/CommandPayload
Event: 5.202 Loading class org/openqa/selenium/remote/CommandPayload done

Classes unloaded (0 events):
No events

Classes redefined (2 events):
Event: 0.287 Thread 0x0000019e18f8e3f0 redefined class name=java.lang.Throwable, count=1
Event: 0.314 Thread 0x0000019e18f8e3f0 redefined class name=java.io.FileOutputStream, count=1

Internal exceptions (20 events):
Event: 1.464 Thread 0x0000019e18edc5a0 Exception <a 'java/lang/NoSuchMethodError'{0x000000076034bc50}: 'float java.lang.invoke.DirectMethodHandle$Holder.invokeVirtual(java.lang.Object, java.lang.Object)'> (0x000000076034bc50) 
thrown [s\open\src\hotspot\share\interpreter\linkResolver.cpp, line 804]
Event: 1.465 Thread 0x0000019e18edc5a0 Exception <a 'java/lang/NoSuchMethodError'{0x00000007603c1bb0}: 'long java.lang.invoke.DirectMethodHandle$Holder.invokeVirtual(java.lang.Object, java.lang.Object)'> (0x00000007603c1bb0) 
thrown [s\open\src\hotspot\share\interpreter\linkResolver.cpp, line 804]
Event: 1.597 Thread 0x0000019e18edc5a0 Exception <a 'java/lang/NoSuchMethodError'{0x000000075fd8c980}: 'int java.lang.invoke.DirectMethodHandle$Holder.invokeSpecialIFC(java.lang.Object, java.lang.Object, java.lang.Object)'> (0x000000075fd8c980) 
thrown [s\open\src\hotspot\share\interpreter\linkResolver.cpp, line 804]
Event: 1.734 Thread 0x0000019e18edc5a0 Exception <a 'sun/nio/fs/WindowsException'{0x000000075f939038}> (0x000000075f939038) 
thrown [s\open\src\hotspot\share\prims\jni.cpp, line 516]
Event: 1.927 Thread 0x0000019e18edc5a0 Exception <a 'java/lang/NoSuchMethodError'{0x000000075f10ab68}: 'java.lang.Object java.lang.invoke.DirectMethodHandle$Holder.invokeStaticInit(java.lang.Object, int, int, int, int)'> (0x000000075f10ab68) 
thrown [s\open\src\hotspot\share\interpreter\linkResolver.cpp, line 804]
Event: 1.944 Thread 0x0000019e18edc5a0 Exception <a 'java/lang/NoSuchMethodError'{0x000000075f157d00}: 'java.lang.Object java.lang.invoke.DirectMethodHandle$Holder.invokeStaticInit(java.lang.Object, java.lang.Object, int, int, int, int)'> (0x000000075f157d00) 
thrown [s\open\src\hotspot\share\interpreter\linkResolver.cpp, line 804]
Event: 2.098 Thread 0x0000019e18edc5a0 Exception <a 'java/lang/IncompatibleClassChangeError'{0x000000075e875488}: Found class java.lang.Object, but interface was expected> (0x000000075e875488) 
thrown [s\open\src\hotspot\share\interpreter\linkResolver.cpp, line 871]
Event: 2.103 Thread 0x0000019e18edc5a0 Exception <a 'java/lang/NoSuchMethodError'{0x000000075e8afc68}: 'java.lang.Object java.lang.invoke.DirectMethodHandle$Holder.invokeVirtual(java.lang.Object, java.lang.Object, java.lang.Object, java.lang.Object)'> (0x000000075e8afc68) 
thrown [s\open\src\hotspot\share\interpreter\linkResolver.cpp, line 804]
Event: 2.186 Thread 0x0000019e3bcca700 Exception <a 'java/net/ConnectException'{0x000000075e6337a0}: Connection refused: getsockopt> (0x000000075e6337a0) 
thrown [s\open\src\hotspot\share\prims\jni.cpp, line 534]
Event: 2.197 Thread 0x0000019e3bcca700 Exception <a 'java/net/ConnectException'{0x000000075e634a68}: Connection refused: getsockopt> (0x000000075e634a68) 
thrown [s\open\src\hotspot\share\prims\jni.cpp, line 534]
Event: 2.218 Thread 0x0000019e3bcca700 Exception <a 'java/net/ConnectException'{0x000000075e6359f0}: Connection refused: getsockopt> (0x000000075e6359f0) 
thrown [s\open\src\hotspot\share\prims\jni.cpp, line 534]
Event: 2.292 Thread 0x0000019e18edc5a0 Exception <a 'java/lang/NoSuchMethodError'{0x000000075e490b80}: 'java.lang.Object java.lang.invoke.DirectMethodHandle$Holder.newInvokeSpecial(java.lang.Object, java.lang.Object, int, int)'> (0x000000075e490b80) 
thrown [s\open\src\hotspot\share\interpreter\linkResolver.cpp, line 804]
Event: 2.294 Thread 0x0000019e18edc5a0 Exception <a 'java/lang/NoSuchMethodError'{0x000000075e4a8ce0}: 'void java.lang.invoke.DirectMethodHandle$Holder.invokeStatic(java.lang.Object, java.lang.Object, int)'> (0x000000075e4a8ce0) 
thrown [s\open\src\hotspot\share\interpreter\linkResolver.cpp, line 804]
Event: 2.347 Thread 0x0000019e3bccaed0 Exception <a 'java/lang/NoSuchMethodError'{0x000000075e34d810}: 'java.lang.Object java.lang.invoke.DirectMethodHandle$Holder.invokeSpecial(java.lang.Object, java.lang.Object, java.lang.Object, java.lang.Object, java.lang.Object, int)'> (0x000000075e34d810) 
thrown [s\open\src\hotspot\share\interpreter\linkResolver.cpp, line 804]
Event: 2.348 Thread 0x0000019e3bccaed0 Exception <a 'java/lang/NoSuchMethodError'{0x000000075e35dd30}: 'java.lang.Object java.lang.invoke.Invokers$Holder.linkToTargetMethod(java.lang.Object, java.lang.Object, int, java.lang.Object)'> (0x000000075e35dd30) 
thrown [s\open\src\hotspot\share\interpreter\linkResolver.cpp, line 804]
Event: 2.382 Thread 0x0000019e3bccaed0 Exception <a 'java/lang/NoSuchMethodError'{0x000000075e087358}: 'long java.lang.invoke.DirectMethodHandle$Holder.invokeStatic(java.lang.Object, long, long)'> (0x000000075e087358) 
thrown [s\open\src\hotspot\share\interpreter\linkResolver.cpp, line 804]
Event: 2.389 Thread 0x0000019e3b4a68d0 Exception <a 'java/lang/NoSuchMethodError'{0x000000075ef71d10}: 'int java.lang.invoke.DirectMethodHandle$Holder.invokeStatic(java.lang.Object, int, java.lang.Object)'> (0x000000075ef71d10) 
thrown [s\open\src\hotspot\share\interpreter\linkResolver.cpp, line 804]
Event: 4.334 Thread 0x0000019e3b4a5160 Exception <a 'java/lang/NoSuchMethodError'{0x000000075de55638}: 'long java.lang.invoke.DirectMethodHandle$Holder.invokeStatic(java.lang.Object, java.lang.Object)'> (0x000000075de55638) 
thrown [s\open\src\hotspot\share\interpreter\linkResolver.cpp, line 804]
Event: 4.347 Thread 0x0000019e3b4a5160 Exception <a 'java/lang/NoSuchMethodError'{0x000000075dec8518}: 'void java.lang.invoke.DirectMethodHandle$Holder.invokeSpecial(java.lang.Object, java.lang.Object, java.lang.Object, java.lang.Object, java.lang.Object, java.lang.Object, java.lang.Object)'> (0x000000075dec8518) 
thrown [s\open\src\hotspot\share\interpreter\linkResolver.cpp, line 804]
Event: 4.520 Thread 0x0000019e18edc5a0 Exception <a 'java/lang/NoSuchMethodError'{0x000000075dae5568}: 'java.lang.Object java.lang.invoke.DirectMethodHandle$Holder.invokeSpecialIFC(java.lang.Object, java.lang.Object, java.lang.Object)'> (0x000000075dae5568) 
thrown [s\open\src\hotspot\share\interpreter\linkResolver.cpp, line 804]

VM Operations (20 events):
Event: 1.280 Executing non-safepoint VM operation: HandshakeAllThreads (Deoptimize)
Event: 1.281 Executing non-safepoint VM operation: HandshakeAllThreads (Deoptimize) done
Event: 1.300 Executing non-safepoint VM operation: HandshakeAllThreads (Deoptimize)
Event: 1.300 Executing non-safepoint VM operation: HandshakeAllThreads (Deoptimize) done
Event: 1.634 Executing non-safepoint VM operation: HandshakeAllThreads (Deoptimize)
Event: 1.634 Executing non-safepoint VM operation: HandshakeAllThreads (Deoptimize) done
Event: 1.648 Executing non-safepoint VM operation: HandshakeAllThreads (Deoptimize)
Event: 1.648 Executing non-safepoint VM operation: HandshakeAllThreads (Deoptimize) done
Event: 1.670 Executing non-safepoint VM operation: HandshakeAllThreads (Deoptimize)
Event: 1.670 Executing non-safepoint VM operation: HandshakeAllThreads (Deoptimize) done
Event: 1.812 Executing non-safepoint VM operation: HandshakeAllThreads (Deoptimize)
Event: 1.812 Executing non-safepoint VM operation: HandshakeAllThreads (Deoptimize) done
Event: 1.848 Executing non-safepoint VM operation: HandshakeAllThreads (Deoptimize)
Event: 1.848 Executing non-safepoint VM operation: HandshakeAllThreads (Deoptimize) done
Event: 2.263 Executing non-safepoint VM operation: HandshakeAllThreads (Deoptimize)
Event: 2.263 Executing non-safepoint VM operation: HandshakeAllThreads (Deoptimize) done
Event: 4.327 Executing non-safepoint VM operation: HandshakeAllThreads (Deoptimize)
Event: 4.327 Executing non-safepoint VM operation: HandshakeAllThreads (Deoptimize) done
Event: 4.717 Executing non-safepoint VM operation: HandshakeAllThreads (Deoptimize)
Event: 4.717 Executing non-safepoint VM operation: HandshakeAllThreads (Deoptimize) done

Memory protections (0 events):
No events

Nmethod flushes (0 events):
No events

Events (20 events):
Event: 1.566 Thread 0x0000019e18edc5a0 Thread added: 0x0000019e3b4a2a50
Event: 2.073 Thread 0x0000019e18edc5a0 Thread added: 0x0000019e3b4a68d0
Event: 2.120 Thread 0x0000019e18edc5a0 Thread added: 0x0000019e3b4a8810
Event: 2.123 Thread 0x0000019e18edc5a0 Thread added: 0x0000019e3bccd5e0
Event: 2.124 Thread 0x0000019e18edc5a0 Thread added: 0x0000019e3bccddb0
Event: 2.127 Thread 0x0000019e3bccd5e0 Thread added: 0x0000019e3bcca700
Event: 2.263 Thread 0x0000019e3bcca700 Thread added: 0x0000019e3bccfcf0
Event: 2.264 Thread 0x0000019e3624d990 Thread exited: 0x0000019e3624d990
Event: 2.314 Thread 0x0000019e18edc5a0 Thread added: 0x0000019e3bccaed0
Event: 2.315 Thread 0x0000019e18edc5a0 Thread added: 0x0000019e3bcc9f30
Event: 2.391 Thread 0x0000019e3b4a68d0 Thread added: 0x0000019e3b4a5160
Event: 2.394 Thread 0x0000019e3b4a68d0 Thread added: 0x0000019e3c4f2870
Event: 2.395 Thread 0x0000019e3b4a68d0 Thread added: 0x0000019e3c4f3040
Event: 4.547 Thread 0x0000019e3624b140 Thread added: 0x0000019e3bfa9ef0
Event: 4.583 Thread 0x0000019e18edc5a0 Thread added: 0x0000019e3c4f6ec0
Event: 4.584 Thread 0x0000019e18edc5a0 Thread added: 0x0000019e3c4f5750
Event: 4.589 Thread 0x0000019e3c4f6ec0 Thread added: 0x0000019e3c4f8630
Event: 4.590 Thread 0x0000019e3c4f6ec0 Thread added: 0x0000019e3c5547a0
Event: 4.590 Thread 0x0000019e3c4f6ec0 Thread added: 0x0000019e3c553fd0
Event: 4.701 Thread 0x0000019e3bfa9ef0 Thread exited: 0x0000019e3bfa9ef0


Dynamic libraries:
0x00007ff690c80000 - 0x00007ff690c90000 	C:\Program Files\JDK\jdk-25\bin\java.exe
0x00007ff930290000 - 0x00007ff930488000 	C:\Windows\SYSTEM32\ntdll.dll
0x00007ff92fde0000 - 0x00007ff92fea2000 	C:\Windows\System32\KERNEL32.DLL
0x00007ff92df20000 - 0x00007ff92e216000 	C:\Windows\System32\KERNELBASE.dll
0x00007ff92da80000 - 0x00007ff92db80000 	C:\Windows\System32\ucrtbase.dll
0x00007ff929400000 - 0x00007ff929417000 	C:\Program Files\JDK\jdk-25\bin\jli.dll
0x00007ff92f060000 - 0x00007ff92f201000 	C:\Windows\System32\USER32.dll
0x00007ff92ddd0000 - 0x00007ff92ddf2000 	C:\Windows\System32\win32u.dll
0x00007ff92fb40000 - 0x00007ff92fb6b000 	C:\Windows\System32\GDI32.dll
0x00007ff92dc00000 - 0x00007ff92dd19000 	C:\Windows\System32\gdi32full.dll
0x00007ff92de80000 - 0x00007ff92df1d000 	C:\Windows\System32\msvcp_win.dll
0x00007ff91d6c0000 - 0x00007ff91d95b000 	C:\Windows\WinSxS\amd64_microsoft.windows.common-controls_6595b64144ccf1df_6.0.19041.6456_none_60b8a6cb71f64256\COMCTL32.dll
0x00007ff92e3d0000 - 0x00007ff92e46e000 	C:\Windows\System32\msvcrt.dll
0x00007ff929170000 - 0x00007ff92918e000 	C:\Program Files\JDK\jdk-25\bin\VCRUNTIME140.dll
0x00007ff92ebe0000 - 0x00007ff92ec0f000 	C:\Windows\System32\IMM32.DLL
0x00007ff929160000 - 0x00007ff92916c000 	C:\Program Files\JDK\jdk-25\bin\vcruntime140_1.dll
0x00007ff9282c0000 - 0x00007ff92834d000 	C:\Program Files\JDK\jdk-25\bin\msvcp140.dll
0x00007ff8ef680000 - 0x00007ff8f04e0000 	C:\Program Files\JDK\jdk-25\bin\server\jvm.dll
0x00007ff9300e0000 - 0x00007ff930191000 	C:\Windows\System32\ADVAPI32.dll
0x00007ff930040000 - 0x00007ff9300df000 	C:\Windows\System32\sechost.dll
0x00007ff92f210000 - 0x00007ff92f330000 	C:\Windows\System32\RPCRT4.dll
0x00007ff92de50000 - 0x00007ff92de77000 	C:\Windows\System32\bcrypt.dll
0x00007ff92f8b0000 - 0x00007ff92f91b000 	C:\Windows\System32\WS2_32.dll
0x00007ff92d490000 - 0x00007ff92d4db000 	C:\Windows\SYSTEM32\POWRPROF.dll
0x00007ff91cdc0000 - 0x00007ff91cde7000 	C:\Windows\SYSTEM32\WINMM.dll
0x00007ff928590000 - 0x00007ff92859a000 	C:\Windows\SYSTEM32\VERSION.dll
0x00007ff92d470000 - 0x00007ff92d482000 	C:\Windows\SYSTEM32\UMPDC.dll
0x00007ff92c130000 - 0x00007ff92c142000 	C:\Windows\SYSTEM32\kernel.appcore.dll
0x00007ff929150000 - 0x00007ff92915a000 	C:\Program Files\JDK\jdk-25\bin\jimage.dll
0x00007ff92b660000 - 0x00007ff92b861000 	C:\Windows\SYSTEM32\DBGHELP.DLL
0x00007ff90f330000 - 0x00007ff90f364000 	C:\Windows\SYSTEM32\dbgcore.DLL
0x00007ff92e220000 - 0x00007ff92e2a2000 	C:\Windows\System32\bcryptPrimitives.dll
0x00007ff929130000 - 0x00007ff929140000 	C:\Program Files\JDK\jdk-25\bin\instrument.dll
0x00007ff9290f0000 - 0x00007ff92910f000 	C:\Program Files\JDK\jdk-25\bin\java.dll
0x00007ff92ff10000 - 0x00007ff93003b000 	C:\Windows\System32\ole32.dll
0x00007ff92ed00000 - 0x00007ff92f054000 	C:\Windows\System32\combase.dll
0x00007ff92e470000 - 0x00007ff92ebe0000 	C:\Windows\System32\SHELL32.dll
0x00007ff928270000 - 0x00007ff928286000 	C:\Program Files\JDK\jdk-25\bin\zip.dll
0x00007ff92b970000 - 0x00007ff92c115000 	C:\Windows\SYSTEM32\windows.storage.dll
0x00007ff92d2e0000 - 0x00007ff92d30b000 	C:\Windows\SYSTEM32\Wldp.dll
0x00007ff92f920000 - 0x00007ff92f9ed000 	C:\Windows\System32\OLEAUT32.dll
0x00007ff92fd30000 - 0x00007ff92fddd000 	C:\Windows\System32\SHCORE.dll
0x00007ff92feb0000 - 0x00007ff92ff0b000 	C:\Windows\System32\shlwapi.dll
0x00007ff92d850000 - 0x00007ff92d874000 	C:\Windows\SYSTEM32\profapi.dll
0x00007ff928240000 - 0x00007ff928252000 	C:\Program Files\JDK\jdk-25\bin\net.dll
0x00007ff92cfd0000 - 0x00007ff92d03a000 	C:\Windows\system32\mswsock.dll
0x00007ff91b7a0000 - 0x00007ff91b7b6000 	C:\Program Files\JDK\jdk-25\bin\nio.dll
0x00007ff929120000 - 0x00007ff929130000 	C:\Program Files\JDK\jdk-25\bin\verify.dll
0x00007ff928cb0000 - 0x00007ff928cb9000 	C:\Program Files\JDK\jdk-25\bin\extnet.dll
0x00007ff92ccf0000 - 0x00007ff92cdba000 	C:\Windows\SYSTEM32\DNSAPI.dll
0x00007ff92ccb0000 - 0x00007ff92cceb000 	C:\Windows\SYSTEM32\IPHLPAPI.DLL
0x00007ff92ecf0000 - 0x00007ff92ecf8000 	C:\Windows\System32\NSI.dll
0x00000000677c0000 - 0x00000000677e6000 	C:\Program Files\Bonjour\mdnsNSP.dll
0x00007ff924a80000 - 0x00007ff924a8a000 	C:\Windows\System32\rasadhlp.dll
0x00007ff91e090000 - 0x00007ff91e110000 	C:\Windows\System32\fwpuclnt.dll
0x00007ff92d1d0000 - 0x00007ff92d1e8000 	C:\Windows\SYSTEM32\CRYPTSP.dll
0x00007ff92c8f0000 - 0x00007ff92c928000 	C:\Windows\system32\rsaenh.dll
0x00007ff92d7d0000 - 0x00007ff92d7fe000 	C:\Windows\SYSTEM32\USERENV.dll
0x00007ff92d1c0000 - 0x00007ff92d1cc000 	C:\Windows\SYSTEM32\CRYPTBASE.dll
0x00007ff91b790000 - 0x00007ff91b79e000 	C:\Program Files\JDK\jdk-25\bin\sunmscapi.dll
0x00007ff92d920000 - 0x00007ff92da7d000 	C:\Windows\System32\CRYPT32.dll
0x00007ff92d350000 - 0x00007ff92d377000 	C:\Windows\SYSTEM32\ncrypt.dll
0x00007ff92d310000 - 0x00007ff92d34b000 	C:\Windows\SYSTEM32\NTASN1.dll
0x00007ff929a10000 - 0x00007ff929a17000 	C:\Windows\system32\wshunix.dll

JVMTI agents:
C:\Users\Israel\AppData\Local\JetBrains\IntelliJIdea2026.2\captureAgent\debugger-agent.jar path:C:\Program Files\JDK\jdk-25\bin\instrument.dll, loaded, initialized, instrumentlib options:file:///C:/Users/Israel/AppData/Local/Temp/capture3499035059192968136.props
C:\Program Files\JetBrains\IntelliJ IDEA 2026.2.0.1\lib\idea_rt.jar path:C:\Program Files\JDK\jdk-25\bin\instrument.dll, loaded, initialized, instrumentlib options:54533

dbghelp: loaded successfully - version: 4.0.5 - missing functions: none
symbol engine: initialized successfully - sym options: 0x614 - pdb path: .;C:\Program Files\JDK\jdk-25\bin;C:\Windows\SYSTEM32;C:\Windows\WinSxS\amd64_microsoft.windows.common-controls_6595b64144ccf1df_6.0.19041.6456_none_60b8a6cb71f64256;C:\Program Files\JDK\jdk-25\bin\server;C:\Program Files\Bonjour

VM Arguments:
jvm_args: -javaagent:C:\Users\Israel\AppData\Local\JetBrains\IntelliJIdea2026.2\captureAgent\debugger-agent.jar=file:///C:/Users/Israel/AppData/Local/Temp/capture3499035059192968136.props -ea -Didea.test.cyclic.buffer.size=1048576 -javaagent:C:\Program Files\JetBrains\IntelliJ IDEA 2026.2.0.1\lib\idea_rt.jar=54533 -Dkotlinx.coroutines.debug.enable.creation.stack.trace=false -Ddebugger.agent.enable.coroutines=true -Dkotlinx.coroutines.debug.enable.flows.stack.trace=true -Dkotlinx.coroutines.debug.enable.mutable.state.flows.stack.trace=true -Ddebugger.async.stack.trace.for.all.threads=true -Ddebugger.agent.enable.log.capture=true -Dfile.encoding=UTF-8 -Dsun.stdout.encoding=UTF-8 -Dsun.stderr.encoding=UTF-8 
java_command: com.intellij.rt.junit.JUnitStarter -ideVersion5 -junit5 app.vercel.northwind.login.LoginTest
java_class_path (initial): C:\Users\Israel\.m2\repository\org\junit\platform\junit-platform-launcher\1.11.0\junit-platform-launcher-1.11.0.jar;C:\Users\Israel\.m2\repository\org\junit\platform\junit-platform-engine\1.11.0\junit-platform-engine-1.11.0.jar;C:\Users\Israel\.m2\repository\org\junit\jupiter\junit-jupiter-engine\5.11.0\junit-jupiter-engine-5.11.0.jar;C:\Program Files\JetBrains\IntelliJ IDEA 2026.2.0.1\lib\idea_rt.jar;C:\Program Files\JetBrains\IntelliJ IDEA 2026.2.0.1\plugins\junit\lib\junit5-rt.jar;C:\Program Files\JetBrains\IntelliJ IDEA 2026.2.0.1\plugins\junit\lib\junit-rt.jar;C:\Users\Israel\IdeaProjects\selenium-northwind\target\test-classes;C:\Users\Israel\IdeaProjects\selenium-northwind\target\classes;C:\Users\Israel\.m2\repository\org\junit\jupiter\junit-jupiter-params\5.11.0\junit-jupiter-params-5.11.0.jar;C:\Users\Israel\.m2\repository\org\junit\jupiter\junit-jupiter-api\5.11.0\junit-jupiter-api-5.11.0.jar;C:\Users\Israel\.m2\repository\org\opentest4j\opentest4j\1.3.0\opentest4j-1.3.0.jar;C:\Users\Israel\.m2\repository\org\junit\platform\junit-platform-commons\1.11.0\junit-platform-commons-1.11.0.jar;C:\Users\Israel\.m2\repository\org\apiguardian\apiguardian-api\1.1.2\apiguardian-api-1.1.2.jar;C:\Users\Israel\.m2\repository\org\seleniumhq\selenium\selenium-java\4.39.0\selenium-java-4.39.0.jar;C:\Users\Israel\.m2\repository\org\seleniumhq\selenium\selenium-api\4.39.0\selenium-api-4.39.0.jar;C:\Users\Israel\.m2\repository\org\jspecify\jspecify\1.0.0\jspecify-1.0.0.jar;C:\Users\Israel\.m2\repository\org\seleniumhq\selenium\selenium-chrome-driver\4.39.0\selenium-chrome-driver-4.39.0.jar;C:\Users\Israel\.m2\repository\com\google\auto\service\auto-service-annotations\1.1.1\auto-service-annotations-1.1.1.jar;C:\Users\Israel\.m2\repository\org\seleniumhq\selenium\selenium-chromium-driver\4.39.0\selenium-chromium-driver-4.39.0.jar;C:\Users\Israel\.m2\repository\org\seleniumhq\selenium\selenium-json\4.39.0\selenium-json-4.39.0.jar;C:\Users\Israel\.m2\repository\org\seleniumhq\selenium\selenium-manager\4.39.0\selenium-manager-4.39.0.jar;C:\Users\Israel\.m2\repository\org\seleniumhq\selenium\selenium-devtools-v141\4.39.0\selenium-devtools-v141-4.39.0.jar;C:\Users\Israel\.m2\repository\org\seleniumhq\selenium\selenium-devtools-v142\4.39.0\selenium-devtools-v142-4.39.0.jar;C:\Users\Israel\.m2\repository\org\seleniumhq\selenium\selenium-devtools-v143\4.39.0\selenium-devtools-v143-4.39.0.jar;C:\Users\Israel\.m2\repository\org\seleniumhq\selenium\selenium-edge-driver\4.39.0\selenium-edge-driver-4.39.0.jar;C:\Users\Israel\.m2\repository\org\seleniumhq\selenium\selenium-firefox-driver\4.39.0\selenium-firefox-driver-4.39.0.jar;C:\Users\Israel\.m2\repository\org\seleniumhq\selenium\selenium-http\4.39.0\selenium-http-4.39.0.jar;C:\Users\Israel\.m2\repository\org\seleniumhq\selenium\selenium-ie-driver\4.39.0\selenium-ie-driver-4.39.0.jar;C:\Users\Israel\.m2\repository\org\seleniumhq\selenium\selenium-remote-driver\4.39.0\selenium-remote-driver-4.39.0.jar;C:\Users\Israel\.m2\repository\com\google\guava\guava\33.5.0-jre\guava-33.5.0-jre.jar;C:\Users\Israel\.m2\repository\com\google\guava\failureaccess\1.0.3\failureaccess-1.0.3.jar;C:\Users\Israel\.m2\repository\com\google\guava\listenablefuture\9999.0-empty-to-avoid-conflict-with-guava\listenablefuture-9999.0-empty-to-avoid-conflict-with-guava.jar;C:\Users\Israel\.m2\repository\com\google\errorprone\error_prone_annotations\2.41.0\error_prone_annotations-2.41.0.jar;C:\Users\Israel\.m2\repository\com\google\j2objc\j2objc-annotations\3.1\j2objc-annotations-3.1.jar;C:\Users\Israel\.m2\repository\io\opentelemetry\opentelemetry-api\1.56.0\opentelemetry-api-1.56.0.jar;C:\Users\Israel\.m2\repository\io\opentelemetry\opentelemetry-context\1.56.0\opentelemetry-context-1.56.0.jar;C:\Users\Israel\.m2\repository\io\opentelemetry\opentelemetry-common\1.56.0\opentelemetry-common-1.56.0.jar;C:\Users\Israel\.m2\repository\io\opentelemetry\opentelemetry-exporter-logging\1.56.0\opentelemetry-exporter-logging-1.56.0.jar;C:\Users\Israel\.m2\repository\io\opentelemetry\opentelemetry-sdk-common\1.56.0\opentelemetry-sdk-common-1.56.0.jar;C:\Users\Israel\.m2\repository\io\opentelemetry\opentelemetry-sdk-extension-autoconfigure-spi\1.56.0\opentelemetry-sdk-extension-autoconfigure-spi-1.56.0.jar;C:\Users\Israel\.m2\repository\io\opentelemetry\opentelemetry-sdk-extension-autoconfigure\1.56.0\opentelemetry-sdk-extension-autoconfigure-1.56.0.jar;C:\Users\Israel\.m2\repository\io\opentelemetry\opentelemetry-sdk-trace\1.56.0\opentelemetry-sdk-trace-1.56.0.jar;C:\Users\Israel\.m2\repository\io\opentelemetry\opentelemetry-sdk\1.56.0\opentelemetry-sdk-1.56.0.jar;C:\Users\Israel\.m2\repository\io\opentelemetry\opentelemetry-sdk-metrics\1.56.0\opentelemetry-sdk-metrics-1.56.0.jar;C:\Users\Israel\.m2\repository\io\opentelemetry\opentelemetry-sdk-logs\1.56.0\opentelemetry-sdk-logs-1.56.0.jar;C:\Users\Israel\.m2\repository\net\bytebuddy\byte-buddy\1.18.2\byte-buddy-1.18.2.jar;C:\Users\Israel\.m2\repository\org\seleniumhq\selenium\selenium-os\4.39.0\selenium-os-4.39.0.jar;C:\Users\Israel\.m2\repository\org\apache\commons\commons-exec\1.6.0\commons-exec-1.6.0.jar;C:\Users\Israel\.m2\repository\org\seleniumhq\selenium\selenium-safari-driver\4.39.0\selenium-safari-driver-4.39.0.jar;C:\Users\Israel\.m2\repository\org\seleniumhq\selenium\selenium-support\4.39.0\selenium-support-4.39.0.jar
Launcher Type: SUN_STANDARD

[Global flags]
     intx CICompilerCount                          = 3                                         {product} {ergonomic}
     uint ConcGCThreads                            = 1                                         {product} {ergonomic}
     uint G1ConcRefinementThreads                  = 4                                         {product} {ergonomic}
   size_t G1HeapRegionSize                         = 2097152                                   {product} {ergonomic}
   size_t InitialHeapSize                          = 180355072                                 {product} {ergonomic}
   size_t MarkStackSize                            = 4194304                                   {product} {ergonomic}
   size_t MarkStackSizeMax                         = 536870912                                 {product} {ergonomic}
   size_t MaxHeapSize                              = 2854223872                                {product} {ergonomic}
   size_t MaxNewSize                               = 1711276032                                {product} {ergonomic}
   size_t MinHeapDeltaBytes                        = 2097152                                   {product} {ergonomic}
   size_t MinHeapSize                              = 8388608                                   {product} {ergonomic}
    uintx NonNMethodCodeHeapSize                   = 5832704                                {pd product} {ergonomic}
    uintx NonProfiledCodeHeapSize                  = 122945536                              {pd product} {ergonomic}
    uintx ProfiledCodeHeapSize                     = 122880000                              {pd product} {ergonomic}
    uintx ReservedCodeCacheSize                    = 251658240                              {pd product} {ergonomic}
     bool SegmentedCodeCache                       = true                                      {product} {ergonomic}
   size_t SoftMaxHeapSize                          = 2854223872                             {manageable} {ergonomic}
     bool UseCompressedOops                        = true                           {product lp64_product} {ergonomic}
     bool UseG1GC                                  = true                                      {product} {ergonomic}
     bool UseLargePagesIndividualAllocation        = false                                  {pd product} {ergonomic}

Logging:
Log output configuration:
 #0: stdout all=warning uptime,level,tags foldmultilines=false
 #1: stderr all=off uptime,level,tags foldmultilines=false

Release file:
IMPLEMENTOR="Oracle Corporation" 
JAVA_RUNTIME_VERSION="25.0.4+7-LTS-189" 
JAVA_VERSION="25.0.4" 
JAVA_VERSION_DATE="2026-07-21" 
LIBC="default" 
MODULES="java.base java.compiler java.datatransfer java.xml java.prefs java.desktop java.instrument java.logging java.management java.security.sasl java.naming java.rmi java.management.rmi java.net.http java.scripting java.security.jgss java.transaction.xa java.sql java.sql.rowset java.xml.crypto java.se java.smartcardio jdk.accessibility jdk.internal.jvmstat jdk.attach jdk.charsets jdk.internal.opt jdk.zipfs jdk.compiler jdk.crypto.cryptoki jdk.crypto.ec jdk.crypto.mscapi jdk.dynalink jdk.internal.ed jdk.editpad jdk.internal.vm.ci jdk.graal.compiler jdk.graal.compiler.management jdk.hotspot.agent jdk.httpserver jdk.incubator.vector jdk.internal.le jdk.internal.md jdk.jartool jdk.javadoc jdk.jcmd jdk.management jdk.management.agent jdk.jconsole jdk.jdeps jdk.jdwp.agent jdk.jdi jdk.jfr jdk.jlink jdk.jpackage jdk.jshell jdk.jsobject jdk.jstatd jdk.localedata jdk.management.jfr jdk.naming.dns jdk.naming.rmi jdk.net jdk.nio.mapmode jdk.sctp jdk.security.auth jdk.security.jgss jdk.unsupported jdk.unsupported.desktop jdk.xml.dom" 
OS_ARCH="x86_64" 
OS_NAME="Windows" 
SOURCE=".:git:7b4fc1077dc7 open:git:cf56d410b63b" 

Environment Variables:
JAVA_HOME=C:\Program Files\JDK\jdk-25
PATH=C:\Program Files\Common Files\Oracle\Java\javapath;C:\Windows\system32;C:\Windows;C:\Windows\System32\Wbem;C:\Windows\System32\WindowsPowerShell\v1.0\;C:\Windows\System32\OpenSSH\;C:\Program Files\dotnet\;C:\Program Files\JDK\jdk-25\bin;C:\Program Files\Library\apache-maven\bin;C:\Program Files\Git\cmd;C:\Users\Israel\AppData\Local\Microsoft\WindowsApps;C:\Program Files\JetBrains\IntelliJ IDEA 2026.2.0.1\bin
USERNAME=israe
OS=Windows_NT
PROCESSOR_IDENTIFIER=Intel64 Family 6 Model 142 Stepping 9, GenuineIntel
TMP=C:\Users\Israel\AppData\Local\Temp
TEMP=C:\Users\Israel\AppData\Local\Temp




Compilation memory statistics disabled.

Periodic native trim disabled

---------------  S Y S T E M  ---------------

OS:
 Windows 10 , 64 bit Build 19041 (10.0.19041.5915)
OS uptime: 1 days 5:02 hours

CPU: total 4 (initial active 4) (2 cores per cpu, 2 threads per core) family 6 model 142 stepping 9 microcode 0xb4, cx8, cmov, fxsr, ht, mmx, 3dnowpref, sse, sse2, sse3, ssse3, sse4.1, sse4.2, popcnt, lzcnt, tsc, tscinvbit, avx, avx2, aes, erms, clmul, bmi1, bmi2, adx, fma, vzeroupper, clflush, clflushopt, rdtscp, f16c
Processor Information for the first 4 processors :
  Max Mhz: 2901, Current Mhz: 2901, Mhz Limit: 2901

Memory: 4k page, system-wide physical 10882M (521M free)
TotalPageFile size 12930M (AvailPageFile size 7M)
current process WorkingSet (physical memory assigned to process): 154M, peak: 154M
current process commit charge ("private bytes"): 310M, peak: 324M

vm_info: Java HotSpot(TM) 64-Bit Server VM (25.0.4+7-LTS-189) for windows-amd64 JRE (25.0.4+7-LTS-189), built on 2026-06-03T06:49:25Z with MS VC++ 17.13 (VS2022)

END.
